Tao bang truy xuat thanh cong.
Checkin ID 10: 4 -> 3
Checkin ID 13: 4 -> 3
Checkin ID 15: 4 -> 3
Checkin ID 17: 4 -> 3
Checkin ID 18: 4 -> 3
Checkin ID 19: 4 -> 3
Checkin ID 20: 4 -> 3
Checkin ID 21: 4 -> 3
Checkin ID 22: 4 -> 3
Checkin ID 26: 4 -> 3
Checkin ID 27: 4 -> 3
Checkin ID 28: 4 -> 3
Checkin ID 30: 4 -> 3
Checkin ID 31: 4 -> 3
Checkin ID 32: 4 -> 3
Checkin ID 33: 4 -> 3
Checkin ID 34: 4 -> 3
Checkin ID 37: 4 -> 3
Checkin ID 41: 4 -> 3
Checkin ID 42: 4 -> 3
Checkin ID 43: 4 -> 3
Checkin ID 44: 4 -> 3
Checkin ID 45: 4 -> 3
Checkin ID 46: 4 -> 3
Checkin ID 47: 4 -> 3
Checkin ID 48: 4 -> 3
Checkin ID 49: 4 -> 3
Checkin ID 50: 4 -> 3
Checkin ID 51: 4 -> 3
Checkin ID 52: 4 -> 3
Checkin ID 53: 4 -> 3
Checkin ID 54: 4 -> 3
Checkin ID 55: 4 -> 3
Checkin ID 56: 4 -> 3
Checkin ID 57: 4 -> 3
Checkin ID 60: 4 -> 3
Checkin ID 63: 4 -> 3
Checkin ID 65: 4 -> 3
Checkin ID 68: 4 -> 3
Checkin ID 69: 4 -> 3
Checkin ID 71: 4 -> 3
Checkin ID 72: 4 -> 3
Checkin ID 73: 4 -> 3
Checkin ID 74: 4 -> 3
Checkin ID 75: 4 -> 3
Checkin ID 76: 4 -> 3
Checkin ID 78: 4 -> 3
Checkin ID 79: 4 -> 3
Checkin ID 80: 4 -> 3
Checkin ID 81: 4 -> 3
Checkin ID 82: 4 -> 3
Checkin ID 83: 4 -> 3
Checkin ID 84: 4 -> 3
Checkin ID 86: 4 -> 3
Checkin ID 87: 4 -> 3
Checkin ID 88: 4 -> 3
Checkin ID 89: 4 -> 3
Checkin ID 91: 4 -> 3
Checkin ID 92: 4 -> 3
Checkin ID 93: 4 -> 3
Checkin ID 94: 4 -> 3
Checkin ID 95: 4 -> 3
Checkin ID 96: 4 -> 3
Checkin ID 97: 4 -> 3
Checkin ID 98: 4 -> 3
Checkin ID 99: 4 -> 3
Checkin ID 100: 4 -> 3
Checkin ID 102: 4 -> 3
Checkin ID 103: 4 -> 3
Checkin ID 104: 4 -> 3
Checkin ID 105: 4 -> 3
Checkin ID 106: 4 -> 3
Checkin ID 107: 4 -> 3
Checkin ID 108: 4 -> 3
Checkin ID 110: 4 -> 3
Checkin ID 112: 4 -> 3
Checkin ID 113: 4 -> 3
Checkin ID 115: 4 -> 3
Checkin ID 116: 4 -> 3
Checkin ID 119: 4 -> 3
Checkin ID 120: 4 -> 3
Checkin ID 122: 4 -> 3
Checkin ID 123: 4 -> 3
Checkin ID 127: 4 -> 3
Checkin ID 128: 4 -> 3
Checkin ID 130: 4 -> 3
Checkin ID 131: 4 -> 3
Checkin ID 135: 4 -> 3
Checkin ID 136: 4 -> 3
Checkin ID 137: 4 -> 3
Checkin ID 138: 4 -> 3
Checkin ID 140: 4 -> 3
Checkin ID 141: 4 -> 3
Checkin ID 142: 4 -> 3
Checkin ID 143: 4 -> 3
Checkin ID 144: 4 -> 3
Checkin ID 145: 4 -> 3
Checkin ID 146: 4 -> 3
Checkin ID 147: 4 -> 3
Checkin ID 148: 4 -> 3
Checkin ID 149: 4 -> 3
Checkin ID 150: 4 -> 3
Checkin ID 151: 4 -> 3
Checkin ID 152: 4 -> 3
Checkin ID 153: 4 -> 3
Checkin ID 154: 4 -> 3
Checkin ID 155: 4 -> 3
Checkin ID 156: 4 -> 3
Checkin ID 157: 4 -> 3
Checkin ID 158: 4 -> 3
Checkin ID 159: 4 -> 3
Checkin ID 161: 4 -> 3
Checkin ID 163: 4 -> 3
Checkin ID 165: 4 -> 3
Checkin ID 166: 4 -> 3
Checkin ID 167: 4 -> 3
Checkin ID 168: 4 -> 3
Checkin ID 170: 4 -> 3
Checkin ID 171: 4 -> 3
Checkin ID 172: 4 -> 3
Checkin ID 173: 4 -> 3
Checkin ID 174: 4 -> 3
Checkin ID 176: 4 -> 3
Checkin ID 177: 4 -> 3
Checkin ID 178: 4 -> 3
Checkin ID 179: 4 -> 3
Checkin ID 180: 4 -> 3
Checkin ID 183: 4 -> 3
Checkin ID 184: 4 -> 3
Checkin ID 185: 4 -> 3
Checkin ID 186: 4 -> 3
Checkin ID 187: 4 -> 3
Checkin ID 188: 4 -> 3
Checkin ID 189: 4 -> 3
Checkin ID 190: 4 -> 3
Checkin ID 191: 4 -> 3
Checkin ID 192: 4 -> 3
Checkin ID 193: 4 -> 3
Checkin ID 195: 4 -> 3
Checkin ID 196: 4 -> 3
Checkin ID 197: 4 -> 3
Checkin ID 199: 4 -> 3
Checkin ID 200: 4 -> 3
Checkin ID 201: 4 -> 3
Checkin ID 202: 4 -> 3
Checkin ID 203: 4 -> 3
Checkin ID 205: 4 -> 3
Checkin ID 206: 4 -> 3
Checkin ID 209: 4 -> 3
Checkin ID 210: 4 -> 3
Checkin ID 211: 4 -> 3
Checkin ID 212: 4 -> 3
Checkin ID 213: 4 -> 3
Checkin ID 215: 4 -> 3
Checkin ID 216: 4 -> 3
Checkin ID 217: 4 -> 3
Checkin ID 218: 4 -> 3
Checkin ID 219: 4 -> 3
Checkin ID 222: 4 -> 3
Checkin ID 223: 4 -> 3
Checkin ID 225: 4 -> 3
Checkin ID 226: 4 -> 3
Checkin ID 227: 4 -> 3
Checkin ID 228: 4 -> 3
Checkin ID 229: 4 -> 3
Checkin ID 230: 4 -> 3
Checkin ID 232: 4 -> 3
Checkin ID 233: 4 -> 3
Checkin ID 234: 4 -> 3
Checkin ID 237: 4 -> 3
Checkin ID 238: 4 -> 3
Checkin ID 239: 4 -> 3
Checkin ID 240: 4 -> 3
Checkin ID 242: 4 -> 3
Checkin ID 243: 4 -> 3
Checkin ID 244: 4 -> 3
Checkin ID 245: 4 -> 3
Checkin ID 246: 4 -> 3
Checkin ID 247: 4 -> 3
Checkin ID 249: 4 -> 3
Checkin ID 252: 4 -> 3
Checkin ID 255: 4 -> 3
Checkin ID 256: 4 -> 3
Checkin ID 257: 4 -> 3
Checkin ID 258: 4 -> 3
Checkin ID 260: 4 -> 3
Checkin ID 261: 4 -> 3
Checkin ID 262: 4 -> 3
Checkin ID 263: 4 -> 3
Checkin ID 265: 4 -> 3
Checkin ID 266: 4 -> 3
Checkin ID 268: 4 -> 3
Checkin ID 269: 4 -> 3
Checkin ID 270: 4 -> 3
Checkin ID 271: 4 -> 3
Checkin ID 275: 4 -> 3
Checkin ID 276: 4 -> 3
Checkin ID 277: 4 -> 3
Checkin ID 278: 4 -> 3
Checkin ID 279: 4 -> 3
Checkin ID 280: 4 -> 3
Checkin ID 282: 4 -> 3
Checkin ID 284: 4 -> 3
Checkin ID 286: 4 -> 3
Checkin ID 287: 4 -> 3
Checkin ID 288: 4 -> 3
Checkin ID 289: 4 -> 3
Checkin ID 290: 4 -> 3
Checkin ID 292: 4 -> 3
Checkin ID 293: 4 -> 3
Checkin ID 294: 4 -> 3
Checkin ID 295: 4 -> 3
Checkin ID 296: 4 -> 3
Checkin ID 297: 4 -> 3
Checkin ID 298: 4 -> 3
Checkin ID 299: 4 -> 3
Checkin ID 300: 4 -> 3
Checkin ID 304: 4 -> 3
Checkin ID 305: 4 -> 3
Checkin ID 306: 4 -> 3
Checkin ID 307: 4 -> 3
Checkin ID 308: 4 -> 3
Checkin ID 10: 3 -> 2
Checkin ID 13: 3 -> 2
Checkin ID 15: 3 -> 2
Checkin ID 17: 3 -> 2
Checkin ID 18: 3 -> 2
Checkin ID 19: 3 -> 2
Checkin ID 20: 3 -> 2
Checkin ID 21: 3 -> 2
Checkin ID 22: 3 -> 2
Checkin ID 26: 3 -> 2
Checkin ID 27: 3 -> 2
Checkin ID 28: 3 -> 2
Checkin ID 30: 3 -> 2
Checkin ID 31: 3 -> 2
Checkin ID 32: 3 -> 2
Checkin ID 33: 3 -> 2
Checkin ID 34: 3 -> 2
Checkin ID 37: 3 -> 2
Checkin ID 41: 3 -> 2
Checkin ID 42: 3 -> 2
Checkin ID 43: 3 -> 2
Checkin ID 44: 3 -> 2
Checkin ID 45: 3 -> 2
Checkin ID 46: 3 -> 2
Checkin ID 47: 3 -> 2
Checkin ID 48: 3 -> 2
Checkin ID 49: 3 -> 2
Checkin ID 50: 3 -> 2
Checkin ID 51: 3 -> 2
Checkin ID 52: 3 -> 2
Checkin ID 53: 3 -> 2
Checkin ID 54: 3 -> 2
Checkin ID 55: 3 -> 2
Checkin ID 56: 3 -> 2
Checkin ID 57: 3 -> 2
Checkin ID 60: 3 -> 2
Checkin ID 63: 3 -> 2
Checkin ID 65: 3 -> 2
Checkin ID 68: 3 -> 2
Checkin ID 69: 3 -> 2
Checkin ID 71: 3 -> 2
Checkin ID 72: 3 -> 2
Checkin ID 73: 3 -> 2
Checkin ID 74: 3 -> 2
Checkin ID 75: 3 -> 2
Checkin ID 76: 3 -> 2
Checkin ID 78: 3 -> 2
Checkin ID 79: 3 -> 2
Checkin ID 80: 3 -> 2
Checkin ID 81: 3 -> 2
Checkin ID 82: 3 -> 2
Checkin ID 83: 3 -> 2
Checkin ID 84: 3 -> 2
Checkin ID 86: 3 -> 2
Checkin ID 87: 3 -> 2
Checkin ID 88: 3 -> 2
Checkin ID 89: 3 -> 2
Checkin ID 91: 3 -> 2
Checkin ID 92: 3 -> 2
Checkin ID 93: 3 -> 2
Checkin ID 94: 3 -> 2
Checkin ID 95: 3 -> 2
Checkin ID 96: 3 -> 2
Checkin ID 97: 3 -> 2
Checkin ID 98: 3 -> 2
Checkin ID 99: 3 -> 2
Checkin ID 100: 3 -> 2
Checkin ID 102: 3 -> 2
Checkin ID 103: 3 -> 2
Checkin ID 104: 3 -> 2
Checkin ID 105: 3 -> 2
Checkin ID 106: 3 -> 2
Checkin ID 107: 3 -> 2
Checkin ID 108: 3 -> 2
Checkin ID 110: 3 -> 2
Checkin ID 112: 3 -> 2
Checkin ID 113: 3 -> 2
Checkin ID 115: 3 -> 2
Checkin ID 116: 3 -> 2
Checkin ID 119: 3 -> 2
Checkin ID 120: 3 -> 2
Checkin ID 122: 3 -> 2
Checkin ID 123: 3 -> 2
Checkin ID 127: 3 -> 2
Checkin ID 128: 3 -> 2
Checkin ID 130: 3 -> 2
Checkin ID 131: 3 -> 2
Checkin ID 135: 3 -> 2
Checkin ID 136: 3 -> 2
Checkin ID 137: 3 -> 2
Checkin ID 138: 3 -> 2
Checkin ID 140: 3 -> 2
Checkin ID 141: 3 -> 2
Checkin ID 142: 3 -> 2
Checkin ID 143: 3 -> 2
Checkin ID 144: 3 -> 2
Checkin ID 145: 3 -> 2
Checkin ID 146: 3 -> 2
Checkin ID 147: 3 -> 2
Checkin ID 148: 3 -> 2
Checkin ID 149: 3 -> 2
Checkin ID 150: 3 -> 2
Checkin ID 151: 3 -> 2
Checkin ID 152: 3 -> 2
Checkin ID 153: 3 -> 2
Checkin ID 154: 3 -> 2
Checkin ID 155: 3 -> 2
Checkin ID 156: 3 -> 2
Checkin ID 157: 3 -> 2
Checkin ID 158: 3 -> 2
Checkin ID 159: 3 -> 2
Checkin ID 161: 3 -> 2
Checkin ID 163: 3 -> 2
Checkin ID 165: 3 -> 2
Checkin ID 166: 3 -> 2
Checkin ID 167: 3 -> 2
Checkin ID 168: 3 -> 2
Checkin ID 170: 3 -> 2
Checkin ID 171: 3 -> 2
Checkin ID 172: 3 -> 2
Checkin ID 173: 3 -> 2
Checkin ID 174: 3 -> 2
Checkin ID 176: 3 -> 2
Checkin ID 177: 3 -> 2
Checkin ID 178: 3 -> 2
Checkin ID 179: 3 -> 2
Checkin ID 180: 3 -> 2
Checkin ID 183: 3 -> 2
Checkin ID 184: 3 -> 2
Checkin ID 185: 3 -> 2
Checkin ID 186: 3 -> 2
Checkin ID 187: 3 -> 2
Checkin ID 188: 3 -> 2
Checkin ID 189: 3 -> 2
Checkin ID 190: 3 -> 2
Checkin ID 191: 3 -> 2
Checkin ID 192: 3 -> 2
Checkin ID 193: 3 -> 2
Checkin ID 195: 3 -> 2
Checkin ID 196: 3 -> 2
Checkin ID 197: 3 -> 2
Checkin ID 199: 3 -> 2
Checkin ID 200: 3 -> 2
Checkin ID 201: 3 -> 2
Checkin ID 202: 3 -> 2
Checkin ID 203: 3 -> 2
Checkin ID 205: 3 -> 2
Checkin ID 206: 3 -> 2
Checkin ID 209: 3 -> 2
Checkin ID 210: 3 -> 2
Checkin ID 211: 3 -> 2
Checkin ID 212: 3 -> 2
Checkin ID 213: 3 -> 2
Checkin ID 215: 3 -> 2
Checkin ID 216: 3 -> 2
Checkin ID 217: 3 -> 2
Checkin ID 218: 3 -> 2
Checkin ID 219: 3 -> 2
Checkin ID 222: 3 -> 2
Checkin ID 223: 3 -> 2
Checkin ID 225: 3 -> 2
Checkin ID 226: 3 -> 2
Checkin ID 227: 3 -> 2
Checkin ID 228: 3 -> 2
Checkin ID 229: 3 -> 2
Checkin ID 230: 3 -> 2
Checkin ID 232: 3 -> 2
Checkin ID 233: 3 -> 2
Checkin ID 234: 3 -> 2
Checkin ID 237: 3 -> 2
Checkin ID 238: 3 -> 2
Checkin ID 239: 3 -> 2
Checkin ID 240: 3 -> 2
Checkin ID 242: 3 -> 2
Checkin ID 243: 3 -> 2
Checkin ID 244: 3 -> 2
Checkin ID 245: 3 -> 2
Checkin ID 246: 3 -> 2
Checkin ID 247: 3 -> 2
Checkin ID 249: 3 -> 2
Checkin ID 252: 3 -> 2
Checkin ID 255: 3 -> 2
Checkin ID 256: 3 -> 2
Checkin ID 257: 3 -> 2
Checkin ID 258: 3 -> 2
Checkin ID 260: 3 -> 2
Checkin ID 261: 3 -> 2
Checkin ID 262: 3 -> 2
Checkin ID 263: 3 -> 2
Checkin ID 265: 3 -> 2
Checkin ID 266: 3 -> 2
Checkin ID 268: 3 -> 2
Checkin ID 269: 3 -> 2
Checkin ID 270: 3 -> 2
Checkin ID 271: 3 -> 2
Checkin ID 275: 3 -> 2
Checkin ID 276: 3 -> 2
Checkin ID 277: 3 -> 2
Checkin ID 278: 3 -> 2
Checkin ID 279: 3 -> 2
Checkin ID 280: 3 -> 2
Checkin ID 282: 3 -> 2
Checkin ID 284: 3 -> 2
Checkin ID 286: 3 -> 2
Checkin ID 287: 3 -> 2
Checkin ID 288: 3 -> 2
Checkin ID 289: 3 -> 2
Checkin ID 290: 3 -> 2
Checkin ID 292: 3 -> 2
Checkin ID 293: 3 -> 2
Checkin ID 294: 3 -> 2
Checkin ID 295: 3 -> 2
Checkin ID 296: 3 -> 2
Checkin ID 297: 3 -> 2
Checkin ID 298: 3 -> 2
Checkin ID 299: 3 -> 2
Checkin ID 300: 3 -> 2
Checkin ID 304: 3 -> 2
Checkin ID 305: 3 -> 2
Checkin ID 306: 3 -> 2
Checkin ID 307: 3 -> 2
Checkin ID 308: 3 -> 2
Checkin ID 10: 2 -> 1
Checkin ID 13: 2 -> 1
Checkin ID 15: 2 -> 1
Checkin ID 17: 2 -> 1
Checkin ID 18: 2 -> 1
Checkin ID 19: 2 -> 1
Checkin ID 20: 2 -> 1
Checkin ID 21: 2 -> 1
Checkin ID 22: 2 -> 1
Checkin ID 26: 2 -> 1
Checkin ID 27: 2 -> 1
Checkin ID 28: 2 -> 1
Checkin ID 30: 2 -> 1
Checkin ID 31: 2 -> 1
Checkin ID 32: 2 -> 1
Checkin ID 33: 2 -> 1
Checkin ID 34: 2 -> 1
Checkin ID 37: 2 -> 1
Checkin ID 41: 2 -> 1
Checkin ID 42: 2 -> 1
Checkin ID 43: 2 -> 1
Checkin ID 44: 2 -> 1
Checkin ID 45: 2 -> 1
Checkin ID 46: 2 -> 1
Checkin ID 47: 2 -> 1
Checkin ID 48: 2 -> 1
Checkin ID 49: 2 -> 1
Checkin ID 50: 2 -> 1
Checkin ID 51: 2 -> 1
Checkin ID 52: 2 -> 1
Checkin ID 53: 2 -> 1
Checkin ID 54: 2 -> 1
Checkin ID 55: 2 -> 1
Checkin ID 56: 2 -> 1
Checkin ID 57: 2 -> 1
Checkin ID 60: 2 -> 1
Checkin ID 63: 2 -> 1
Checkin ID 65: 2 -> 1
Checkin ID 68: 2 -> 1
Checkin ID 69: 2 -> 1
Checkin ID 71: 2 -> 1
Checkin ID 72: 2 -> 1
Checkin ID 73: 2 -> 1
Checkin ID 74: 2 -> 1
Checkin ID 75: 2 -> 1
Checkin ID 76: 2 -> 1
Checkin ID 78: 2 -> 1
Checkin ID 79: 2 -> 1
Checkin ID 80: 2 -> 1
Checkin ID 81: 2 -> 1
Checkin ID 82: 2 -> 1
Checkin ID 83: 2 -> 1
Checkin ID 84: 2 -> 1
Checkin ID 86: 2 -> 1
Checkin ID 87: 2 -> 1
Checkin ID 88: 2 -> 1
Checkin ID 89: 2 -> 1
Checkin ID 91: 2 -> 1
Checkin ID 92: 2 -> 1
Checkin ID 93: 2 -> 1
Checkin ID 94: 2 -> 1
Checkin ID 95: 2 -> 1
Checkin ID 96: 2 -> 1
Checkin ID 97: 2 -> 1
Checkin ID 98: 2 -> 1
Checkin ID 99: 2 -> 1
Checkin ID 100: 2 -> 1
Checkin ID 102: 2 -> 1
Checkin ID 103: 2 -> 1
Checkin ID 104: 2 -> 1
Checkin ID 105: 2 -> 1
Checkin ID 106: 2 -> 1
Checkin ID 107: 2 -> 1
Checkin ID 108: 2 -> 1
Checkin ID 110: 2 -> 1
Checkin ID 112: 2 -> 1
Checkin ID 113: 2 -> 1
Checkin ID 115: 2 -> 1
Checkin ID 116: 2 -> 1
Checkin ID 119: 2 -> 1
Checkin ID 120: 2 -> 1
Checkin ID 122: 2 -> 1
Checkin ID 123: 2 -> 1
Checkin ID 127: 2 -> 1
Checkin ID 128: 2 -> 1
Checkin ID 130: 2 -> 1
Checkin ID 131: 2 -> 1
Checkin ID 135: 2 -> 1
Checkin ID 136: 2 -> 1
Checkin ID 137: 2 -> 1
Checkin ID 138: 2 -> 1
Checkin ID 140: 2 -> 1
Checkin ID 141: 2 -> 1
Checkin ID 142: 2 -> 1
Checkin ID 143: 2 -> 1
Checkin ID 144: 2 -> 1
Checkin ID 145: 2 -> 1
Checkin ID 146: 2 -> 1
Checkin ID 147: 2 -> 1
Checkin ID 148: 2 -> 1
Checkin ID 149: 2 -> 1
Checkin ID 150: 2 -> 1
Checkin ID 151: 2 -> 1
Checkin ID 152: 2 -> 1
Checkin ID 153: 2 -> 1
Checkin ID 154: 2 -> 1
Checkin ID 155: 2 -> 1
Checkin ID 156: 2 -> 1
Checkin ID 157: 2 -> 1
Checkin ID 158: 2 -> 1
Checkin ID 159: 2 -> 1
Checkin ID 161: 2 -> 1
Checkin ID 163: 2 -> 1
Checkin ID 165: 2 -> 1
Checkin ID 166: 2 -> 1
Checkin ID 167: 2 -> 1
Checkin ID 168: 2 -> 1
Checkin ID 170: 2 -> 1
Checkin ID 171: 2 -> 1
Checkin ID 172: 2 -> 1
Checkin ID 173: 2 -> 1
Checkin ID 174: 2 -> 1
Checkin ID 176: 2 -> 1
Checkin ID 177: 2 -> 1
Checkin ID 178: 2 -> 1
Checkin ID 179: 2 -> 1
Checkin ID 180: 2 -> 1
Checkin ID 183: 2 -> 1
Checkin ID 184: 2 -> 1
Checkin ID 185: 2 -> 1
Checkin ID 186: 2 -> 1
Checkin ID 187: 2 -> 1
Checkin ID 188: 2 -> 1
Checkin ID 189: 2 -> 1
Checkin ID 190: 2 -> 1
Checkin ID 191: 2 -> 1
Checkin ID 192: 2 -> 1
Checkin ID 193: 2 -> 1
Checkin ID 195: 2 -> 1
Checkin ID 196: 2 -> 1
Checkin ID 197: 2 -> 1
Checkin ID 199: 2 -> 1
Checkin ID 200: 2 -> 1
Checkin ID 201: 2 -> 1
Checkin ID 202: 2 -> 1
Checkin ID 203: 2 -> 1
Checkin ID 205: 2 -> 1
Checkin ID 206: 2 -> 1
Checkin ID 209: 2 -> 1
Checkin ID 210: 2 -> 1
Checkin ID 211: 2 -> 1
Checkin ID 212: 2 -> 1
Checkin ID 213: 2 -> 1
Checkin ID 215: 2 -> 1
Checkin ID 216: 2 -> 1
Checkin ID 217: 2 -> 1
Checkin ID 218: 2 -> 1
Checkin ID 219: 2 -> 1
Checkin ID 222: 2 -> 1
Checkin ID 223: 2 -> 1
Checkin ID 225: 2 -> 1
Checkin ID 226: 2 -> 1
Checkin ID 227: 2 -> 1
Checkin ID 228: 2 -> 1
Checkin ID 229: 2 -> 1
Checkin ID 230: 2 -> 1
Checkin ID 232: 2 -> 1
Checkin ID 233: 2 -> 1
Checkin ID 234: 2 -> 1
Checkin ID 237: 2 -> 1
Checkin ID 238: 2 -> 1
Checkin ID 239: 2 -> 1
Checkin ID 240: 2 -> 1
Checkin ID 242: 2 -> 1
Checkin ID 243: 2 -> 1
Checkin ID 244: 2 -> 1
Checkin ID 245: 2 -> 1
Checkin ID 246: 2 -> 1
Checkin ID 247: 2 -> 1
Checkin ID 249: 2 -> 1
Checkin ID 252: 2 -> 1
Checkin ID 255: 2 -> 1
Checkin ID 256: 2 -> 1
Checkin ID 257: 2 -> 1
Checkin ID 258: 2 -> 1
Checkin ID 260: 2 -> 1
Checkin ID 261: 2 -> 1
Checkin ID 262: 2 -> 1
Checkin ID 263: 2 -> 1
Checkin ID 265: 2 -> 1
Checkin ID 266: 2 -> 1
Checkin ID 268: 2 -> 1
Checkin ID 269: 2 -> 1
Checkin ID 270: 2 -> 1
Checkin ID 271: 2 -> 1
Checkin ID 275: 2 -> 1
Checkin ID 276: 2 -> 1
Checkin ID 277: 2 -> 1
Checkin ID 278: 2 -> 1
Checkin ID 279: 2 -> 1
Checkin ID 280: 2 -> 1
Checkin ID 282: 2 -> 1
Checkin ID 284: 2 -> 1
Checkin ID 286: 2 -> 1
Checkin ID 287: 2 -> 1
Checkin ID 288: 2 -> 1
Checkin ID 289: 2 -> 1
Checkin ID 290: 2 -> 1
Checkin ID 292: 2 -> 1
Checkin ID 293: 2 -> 1
Checkin ID 294: 2 -> 1
Checkin ID 295: 2 -> 1
Checkin ID 296: 2 -> 1
Checkin ID 297: 2 -> 1
Checkin ID 298: 2 -> 1
Checkin ID 299: 2 -> 1
Checkin ID 300: 2 -> 1
Checkin ID 304: 2 -> 1
Checkin ID 305: 2 -> 1
Checkin ID 306: 2 -> 1
Checkin ID 307: 2 -> 1
Checkin ID 308: 2 -> 1
Checkin ID 309: 3 -> 2
Da doc 500 bac si.
Da doc 500 bac si.
Hospital API: http://127.0.0.1:18080
Da doc 500 bac si.
Da doc 500 bac si.
Da doc 500 bac si.
Da doc 500 bac si.
Da doc 500 bac si.
Da doc 500 bac si.
Da doc 500 bac si.
Da doc 500 bac si.
Da doc 500 bac si.
Da doc 500 bac si.
Da doc 500 bac si.
Da doc 500 bac si.
Da doc 500 bac si.
Da doc 500 bac si.
Da doc 500 bac si.
Da doc 500 bac si.
Da doc 500 bac si.
Da doc 500 bac si.
Da doc 500 bac si.
Da doc 500 bac si.
Da doc 500 bac si.
Da doc 500 bac si.
Da doc 500 bac si.
Da doc 500 bac si.
Da doc 500 bac si.
Da doc 500 bac si.
Da doc 500 bac si.
Da doc 500 bac si.
Da doc 500 bac si.
Da doc 500 bac si.
Da doc 500 bac si.
Da doc 500 bac si.
Da doc 500 bac si.

Gio thuc te hien tai: 23:50

Gio thuc te hien tai: 23:50

Gio thuc te hien tai: 23:50

Gio thuc te hien tai: 23:50

Gio thuc te hien tai: 23:50

Gio thuc te hien tai: 23:50

Gio thuc te hien tai: 23:50

Gio thuc te hien tai: 23:50

Gio thuc te hien tai: 23:50

Gio thuc te hien tai: 23:50
Da doc 500 bac si.

Gio thuc te hien tai: 23:50

Gio thuc te hien tai: 23:50

Gio thuc te hien tai: 23:50

Gio thuc te hien tai: 23:50

Gio thuc te hien tai: 23:50

Gio thuc te hien tai: 23:50

Gio thuc te hien tai: 23:50

Gio thuc te hien tai: 23:50

Gio thuc te hien tai: 23:50

Gio thuc te hien tai: 23:50
Da doc 500 bac si.
Da doc 500 bac si.

Gio thuc te hien tai: 23:50

Gio thuc te hien tai: 23:50

Gio thuc te hien tai: 23:50

Gio thuc te hien tai: 23:50

Gio thuc te hien tai: 23:50

Gio thuc te hien tai: 23:50

Gio thuc te hien tai: 23:50

Gio thuc te hien tai: 23:50

Gio thuc te hien tai: 23:50

Gio thuc te hien tai: 23:50
Da doc 500 bac si.
Da doc 500 bac si.

Gio thuc te hien tai: 23:50

Gio thuc te hien tai: 23:50

Gio thuc te hien tai: 23:50

Gio thuc te hien tai: 23:50

Gio thuc te hien tai: 23:50

Gio thuc te hien tai: 23:50

Gio thuc te hien tai: 23:50

Gio thuc te hien tai: 23:50

Gio thuc te hien tai: 23:50

Gio thuc te hien tai: 23:50
Da doc 500 bac si.
Da doc 500 bac si.

Gio thuc te hien tai: 23:50

Gio thuc te hien tai: 23:50

Gio thuc te hien tai: 23:50

Gio thuc te hien tai: 23:50

Gio thuc te hien tai: 23:50

Gio thuc te hien tai: 23:50

Gio thuc te hien tai: 23:50

Gio thuc te hien tai: 23:50

Gio thuc te hien tai: 23:50

Gio thuc te hien tai: 23:50
Da doc 500 bac si.
Da doc 500 bac si.

Gio thuc te hien tai: 23:51

Gio thuc te hien tai: 23:51

Gio thuc te hien tai: 23:51

Gio thuc te hien tai: 23:51

Gio thuc te hien tai: 23:51

Gio thuc te hien tai: 23:51

Gio thuc te hien tai: 23:51

Gio thuc te hien tai: 23:51

Gio thuc te hien tai: 23:51

Gio thuc te hien tai: 23:51
Da doc 500 bac si.
Da doc 500 bac si.

Gio thuc te hien tai: 23:51

Gio thuc te hien tai: 23:51

Gio thuc te hien tai: 23:51

Gio thuc te hien tai: 23:51

Gio thuc te hien tai: 23:51

Gio thuc te hien tai: 23:51

Gio thuc te hien tai: 23:51

Gio thuc te hien tai: 23:51

Gio thuc te hien tai: 23:51

Gio thuc te hien tai: 23:51
Da doc 500 bac si.
Da doc 500 bac si.

Gio thuc te hien tai: 23:51

Gio thuc te hien tai: 23:51

Gio thuc te hien tai: 23:51

Gio thuc te hien tai: 23:51

Gio thuc te hien tai: 23:51

Gio thuc te hien tai: 23:51

Gio thuc te hien tai: 23:51

Gio thuc te hien tai: 23:51

Gio thuc te hien tai: 23:51

Gio thuc te hien tai: 23:51
Da doc 500 bac si.

Gio thuc te hien tai: 23:51

Gio thuc te hien tai: 23:51

Gio thuc te hien tai: 23:51

Gio thuc te hien tai: 23:51

Gio thuc te hien tai: 23:51

Gio thuc te hien tai: 23:51

Gio thuc te hien tai: 23:51

Gio thuc te hien tai: 23:51

Gio thuc te hien tai: 23:51

Gio thuc te hien tai: 23:51
Da doc 500 bac si.
Da doc 500 bac si.

Gio thuc te hien tai: 23:51

Gio thuc te hien tai: 23:51

Gio thuc te hien tai: 23:51

Gio thuc te hien tai: 23:51

Gio thuc te hien tai: 23:51

Gio thuc te hien tai: 23:51

Gio thuc te hien tai: 23:51

Gio thuc te hien tai: 23:51

Gio thuc te hien tai: 23:51

Gio thuc te hien tai: 23:51
Da doc 500 bac si.
Da doc 500 bac si.

Gio thuc te hien tai: 23:51

Gio thuc te hien tai: 23:51

Gio thuc te hien tai: 23:51

Gio thuc te hien tai: 23:51

Gio thuc te hien tai: 23:51

Gio thuc te hien tai: 23:51

Gio thuc te hien tai: 23:51

Gio thuc te hien tai: 23:51

Gio thuc te hien tai: 23:51

Gio thuc te hien tai: 23:51
Da doc 500 bac si.
Da doc 500 bac si.

Gio thuc te hien tai: 23:51

Gio thuc te hien tai: 23:51

Gio thuc te hien tai: 23:51

Gio thuc te hien tai: 23:51

Gio thuc te hien tai: 23:51

Gio thuc te hien tai: 23:51

Gio thuc te hien tai: 23:51

Gio thuc te hien tai: 23:51

Gio thuc te hien tai: 23:51

Gio thuc te hien tai: 23:51
Da doc 500 bac si.
Da doc 500 bac si.

Gio thuc te hien tai: 23:51

Gio thuc te hien tai: 23:51

Gio thuc te hien tai: 23:51

Gio thuc te hien tai: 23:51

Gio thuc te hien tai: 23:51

Gio thuc te hien tai: 23:51

Gio thuc te hien tai: 23:51

Gio thuc te hien tai: 23:51

Gio thuc te hien tai: 23:51

Gio thuc te hien tai: 23:51
Da doc 500 bac si.
Da doc 500 bac si.

Gio thuc te hien tai: 23:51

Gio thuc te hien tai: 23:51

Gio thuc te hien tai: 23:51

Gio thuc te hien tai: 23:51

Gio thuc te hien tai: 23:51

Gio thuc te hien tai: 23:51

Gio thuc te hien tai: 23:51

Gio thuc te hien tai: 23:51

Gio thuc te hien tai: 23:51

Gio thuc te hien tai: 23:51
Da doc 500 bac si.
Da doc 500 bac si.

Gio thuc te hien tai: 23:51

Gio thuc te hien tai: 23:51

Gio thuc te hien tai: 23:51

Gio thuc te hien tai: 23:51

Gio thuc te hien tai: 23:51

Gio thuc te hien tai: 23:51

Gio thuc te hien tai: 23:51

Gio thuc te hien tai: 23:51

Gio thuc te hien tai: 23:51

Gio thuc te hien tai: 23:51
Da doc 500 bac si.

Gio thuc te hien tai: 23:51

Gio thuc te hien tai: 23:51

Gio thuc te hien tai: 23:51

Gio thuc te hien tai: 23:51

Gio thuc te hien tai: 23:51

Gio thuc te hien tai: 23:51

Gio thuc te hien tai: 23:51

Gio thuc te hien tai: 23:51

Gio thuc te hien tai: 23:51

Gio thuc te hien tai: 23:51
Da doc 500 bac si.
Da doc 500 bac si.
Da doc 500 bac si.
Da doc 500 bac si.
Da doc 500 bac si.

Gio thuc te hien tai: 23:52

Gio thuc te hien tai: 23:52

Gio thuc te hien tai: 23:52

Gio thuc te hien tai: 23:52

Gio thuc te hien tai: 23:52

Gio thuc te hien tai: 23:52

Gio thuc te hien tai: 23:52

Gio thuc te hien tai: 23:52

Gio thuc te hien tai: 23:52

Gio thuc te hien tai: 23:52
Da doc 500 bac si.
Da doc 500 bac si.

Gio thuc te hien tai: 23:52

Gio thuc te hien tai: 23:52

Gio thuc te hien tai: 23:52

Gio thuc te hien tai: 23:52

Gio thuc te hien tai: 23:52

Gio thuc te hien tai: 23:52

Gio thuc te hien tai: 23:52

Gio thuc te hien tai: 23:52

Gio thuc te hien tai: 23:52

Gio thuc te hien tai: 23:52
Da doc 500 bac si.
Da doc 500 bac si.

Gio thuc te hien tai: 23:52

Gio thuc te hien tai: 23:52

Gio thuc te hien tai: 23:52

Gio thuc te hien tai: 23:52

Gio thuc te hien tai: 23:52

Gio thuc te hien tai: 23:52

Gio thuc te hien tai: 23:52

Gio thuc te hien tai: 23:52

Gio thuc te hien tai: 23:52

Gio thuc te hien tai: 23:52
Da doc 500 bac si.

Gio thuc te hien tai: 23:52

Gio thuc te hien tai: 23:52

Gio thuc te hien tai: 23:52

Gio thuc te hien tai: 23:52

Gio thuc te hien tai: 23:52

Gio thuc te hien tai: 23:52

Gio thuc te hien tai: 23:52

Gio thuc te hien tai: 23:52

Gio thuc te hien tai: 23:52

Gio thuc te hien tai: 23:52
Da doc 500 bac si.
Da doc 500 bac si.

Gio thuc te hien tai: 23:52

Gio thuc te hien tai: 23:52

Gio thuc te hien tai: 23:52

Gio thuc te hien tai: 23:52

Gio thuc te hien tai: 23:52

Gio thuc te hien tai: 23:52

Gio thuc te hien tai: 23:52

Gio thuc te hien tai: 23:52

Gio thuc te hien tai: 23:52

Gio thuc te hien tai: 23:52
Da doc 500 bac si.
Da doc 500 bac si.

Gio thuc te hien tai: 23:52

Gio thuc te hien tai: 23:52

Gio thuc te hien tai: 23:52

Gio thuc te hien tai: 23:52

Gio thuc te hien tai: 23:52

Gio thuc te hien tai: 23:52

Gio thuc te hien tai: 23:52

Gio thuc te hien tai: 23:52

Gio thuc te hien tai: 23:52

Gio thuc te hien tai: 23:52
Da doc 500 bac si.
Da doc 500 bac si.

Gio thuc te hien tai: 23:52

Gio thuc te hien tai: 23:52

Gio thuc te hien tai: 23:52

Gio thuc te hien tai: 23:52

Gio thuc te hien tai: 23:52

Gio thuc te hien tai: 23:52

Gio thuc te hien tai: 23:52

Gio thuc te hien tai: 23:52

Gio thuc te hien tai: 23:52

Gio thuc te hien tai: 23:52
Da doc 500 bac si.
Da doc 500 bac si.

Gio thuc te hien tai: 23:52

Gio thuc te hien tai: 23:52

Gio thuc te hien tai: 23:52

Gio thuc te hien tai: 23:52

Gio thuc te hien tai: 23:52

Gio thuc te hien tai: 23:52

Gio thuc te hien tai: 23:52

Gio thuc te hien tai: 23:52

Gio thuc te hien tai: 23:52

Gio thuc te hien tai: 23:52
Da doc 500 bac si.
Da doc 500 bac si.
Da doc 500 bac si.
Da nap 230 benh nhan vao cac hang doi RAM.

========================================
XU LY Khoa Cap cuu
Thoi gian hien tai: 2026-10-05 23:52:50
So benh nhan trong hang: 2

BN checkin_id = 1 chua xep duoc bac si.

Tong ket: 0 benh nhan da xep, 1 benh nhan dang cho.
Da doc 500 bac si.
Da doc 500 bac si.

Gio thuc te hien tai: 23:52

Gio thuc te hien tai: 23:52

Gio thuc te hien tai: 23:52

Gio thuc te hien tai: 23:52

Gio thuc te hien tai: 23:52

Gio thuc te hien tai: 23:52

Gio thuc te hien tai: 23:52

Gio thuc te hien tai: 23:52

Gio thuc te hien tai: 23:52

Gio thuc te hien tai: 23:52
Da doc 500 bac si.

Gio thuc te hien tai: 23:53

Gio thuc te hien tai: 23:53

Gio thuc te hien tai: 23:53

Gio thuc te hien tai: 23:53

Gio thuc te hien tai: 23:53

Gio thuc te hien tai: 23:53

Gio thuc te hien tai: 23:53

Gio thuc te hien tai: 23:53

Gio thuc te hien tai: 23:53

Gio thuc te hien tai: 23:53
Da doc 500 bac si.
Da doc 500 bac si.

Gio thuc te hien tai: 23:53

Gio thuc te hien tai: 23:53

Gio thuc te hien tai: 23:53

Gio thuc te hien tai: 23:53

Gio thuc te hien tai: 23:53

Gio thuc te hien tai: 23:53

Gio thuc te hien tai: 23:53

Gio thuc te hien tai: 23:53

Gio thuc te hien tai: 23:53

Gio thuc te hien tai: 23:53
Da doc 500 bac si.
Da doc 500 bac si.

Gio thuc te hien tai: 23:53

Gio thuc te hien tai: 23:53

Gio thuc te hien tai: 23:53

Gio thuc te hien tai: 23:53

Gio thuc te hien tai: 23:53

Gio thuc te hien tai: 23:53

Gio thuc te hien tai: 23:53

Gio thuc te hien tai: 23:53

Gio thuc te hien tai: 23:53

Gio thuc te hien tai: 23:53
Da doc 500 bac si.
Da doc 500 bac si.

Gio thuc te hien tai: 23:53

Gio thuc te hien tai: 23:53

Gio thuc te hien tai: 23:53

Gio thuc te hien tai: 23:53

Gio thuc te hien tai: 23:53

Gio thuc te hien tai: 23:53

Gio thuc te hien tai: 23:53

Gio thuc te hien tai: 23:53

Gio thuc te hien tai: 23:53

Gio thuc te hien tai: 23:53
Da doc 500 bac si.
Da doc 500 bac si.

Gio thuc te hien tai: 23:53

Gio thuc te hien tai: 23:53

Gio thuc te hien tai: 23:53

Gio thuc te hien tai: 23:53

Gio thuc te hien tai: 23:53

Gio thuc te hien tai: 23:53

Gio thuc te hien tai: 23:53

Gio thuc te hien tai: 23:53

Gio thuc te hien tai: 23:53

Gio thuc te hien tai: 23:53
Da doc 500 bac si.
Da doc 500 bac si.

Gio thuc te hien tai: 23:53

Gio thuc te hien tai: 23:53

Gio thuc te hien tai: 23:53

Gio thuc te hien tai: 23:53

Gio thuc te hien tai: 23:53

Gio thuc te hien tai: 23:53

Gio thuc te hien tai: 23:53

Gio thuc te hien tai: 23:53

Gio thuc te hien tai: 23:53

Gio thuc te hien tai: 23:53
Da doc 500 bac si.
Da doc 500 bac si.

Gio thuc te hien tai: 23:53

Gio thuc te hien tai: 23:53

Gio thuc te hien tai: 23:53

Gio thuc te hien tai: 23:53

Gio thuc te hien tai: 23:53

Gio thuc te hien tai: 23:53

Gio thuc te hien tai: 23:53

Gio thuc te hien tai: 23:53

Gio thuc te hien tai: 23:53

Gio thuc te hien tai: 23:53
Da doc 500 bac si.

Gio thuc te hien tai: 23:53

Gio thuc te hien tai: 23:53

Gio thuc te hien tai: 23:53

Gio thuc te hien tai: 23:53

Gio thuc te hien tai: 23:53

Gio thuc te hien tai: 23:53

Gio thuc te hien tai: 23:53

Gio thuc te hien tai: 23:53

Gio thuc te hien tai: 23:53

Gio thuc te hien tai: 23:53
Da doc 500 bac si.
Da doc 500 bac si.

Gio thuc te hien tai: 23:53

Gio thuc te hien tai: 23:53

Gio thuc te hien tai: 23:53

Gio thuc te hien tai: 23:53

Gio thuc te hien tai: 23:53

Gio thuc te hien tai: 23:53

Gio thuc te hien tai: 23:53

Gio thuc te hien tai: 23:53

Gio thuc te hien tai: 23:53

Gio thuc te hien tai: 23:53
Da doc 500 bac si.
Da doc 500 bac si.

Gio thuc te hien tai: 23:53

Gio thuc te hien tai: 23:53

Gio thuc te hien tai: 23:53

Gio thuc te hien tai: 23:53

Gio thuc te hien tai: 23:53

Gio thuc te hien tai: 23:53

Gio thuc te hien tai: 23:53

Gio thuc te hien tai: 23:53

Gio thuc te hien tai: 23:53

Gio thuc te hien tai: 23:53
Da doc 500 bac si.
Da doc 500 bac si.

Gio thuc te hien tai: 23:53

Gio thuc te hien tai: 23:53

Gio thuc te hien tai: 23:53

Gio thuc te hien tai: 23:53

Gio thuc te hien tai: 23:53

Gio thuc te hien tai: 23:53

Gio thuc te hien tai: 23:53

Gio thuc te hien tai: 23:53

Gio thuc te hien tai: 23:53

Gio thuc te hien tai: 23:53
Da doc 500 bac si.
Da doc 500 bac si.

Gio thuc te hien tai: 23:53

Gio thuc te hien tai: 23:53

Gio thuc te hien tai: 23:53

Gio thuc te hien tai: 23:53

Gio thuc te hien tai: 23:53

Gio thuc te hien tai: 23:53

Gio thuc te hien tai: 23:53

Gio thuc te hien tai: 23:53

Gio thuc te hien tai: 23:53

Gio thuc te hien tai: 23:53
Da doc 500 bac si.
Da doc 500 bac si.

Gio thuc te hien tai: 23:54

Gio thuc te hien tai: 23:54

Gio thuc te hien tai: 23:54

Gio thuc te hien tai: 23:54

Gio thuc te hien tai: 23:54

Gio thuc te hien tai: 23:54

Gio thuc te hien tai: 23:54

Gio thuc te hien tai: 23:54

Gio thuc te hien tai: 23:54

Gio thuc te hien tai: 23:54
Da doc 500 bac si.
Da doc 500 bac si.

Gio thuc te hien tai: 23:54

Gio thuc te hien tai: 23:54

Gio thuc te hien tai: 23:54

Gio thuc te hien tai: 23:54

Gio thuc te hien tai: 23:54

Gio thuc te hien tai: 23:54

Gio thuc te hien tai: 23:54

Gio thuc te hien tai: 23:54

Gio thuc te hien tai: 23:54

Gio thuc te hien tai: 23:54
Da doc 500 bac si.

Gio thuc te hien tai: 23:54

Gio thuc te hien tai: 23:54

Gio thuc te hien tai: 23:54

Gio thuc te hien tai: 23:54

Gio thuc te hien tai: 23:54

Gio thuc te hien tai: 23:54

Gio thuc te hien tai: 23:54

Gio thuc te hien tai: 23:54

Gio thuc te hien tai: 23:54

Gio thuc te hien tai: 23:54
Da doc 500 bac si.
Da doc 500 bac si.

Gio thuc te hien tai: 23:54

Gio thuc te hien tai: 23:54

Gio thuc te hien tai: 23:54

Gio thuc te hien tai: 23:54

Gio thuc te hien tai: 23:54

Gio thuc te hien tai: 23:54

Gio thuc te hien tai: 23:54

Gio thuc te hien tai: 23:54

Gio thuc te hien tai: 23:54

Gio thuc te hien tai: 23:54
Da doc 500 bac si.
Da doc 500 bac si.

Gio thuc te hien tai: 23:54

Gio thuc te hien tai: 23:54

Gio thuc te hien tai: 23:54

Gio thuc te hien tai: 23:54

Gio thuc te hien tai: 23:54

Gio thuc te hien tai: 23:54

Gio thuc te hien tai: 23:54

Gio thuc te hien tai: 23:54

Gio thuc te hien tai: 23:54

Gio thuc te hien tai: 23:54
Da doc 500 bac si.
Da doc 500 bac si.

Gio thuc te hien tai: 23:54

Gio thuc te hien tai: 23:54

Gio thuc te hien tai: 23:54

Gio thuc te hien tai: 23:54

Gio thuc te hien tai: 23:54

Gio thuc te hien tai: 23:54

Gio thuc te hien tai: 23:54

Gio thuc te hien tai: 23:54

Gio thuc te hien tai: 23:54

Gio thuc te hien tai: 23:54
Da doc 500 bac si.
Da doc 500 bac si.

Gio thuc te hien tai: 23:54

Gio thuc te hien tai: 23:54

Gio thuc te hien tai: 23:54

Gio thuc te hien tai: 23:54

Gio thuc te hien tai: 23:54

Gio thuc te hien tai: 23:54

Gio thuc te hien tai: 23:54

Gio thuc te hien tai: 23:54

Gio thuc te hien tai: 23:54

Gio thuc te hien tai: 23:54
Da doc 500 bac si.
Da doc 500 bac si.

Gio thuc te hien tai: 23:54

Gio thuc te hien tai: 23:54

Gio thuc te hien tai: 23:54

Gio thuc te hien tai: 23:54

Gio thuc te hien tai: 23:54

Gio thuc te hien tai: 23:54

Gio thuc te hien tai: 23:54

Gio thuc te hien tai: 23:54

Gio thuc te hien tai: 23:54

Gio thuc te hien tai: 23:54
Da doc 500 bac si.
Da doc 500 bac si.

Gio thuc te hien tai: 23:54

Gio thuc te hien tai: 23:54

Gio thuc te hien tai: 23:54

Gio thuc te hien tai: 23:54

Gio thuc te hien tai: 23:54

Gio thuc te hien tai: 23:54

Gio thuc te hien tai: 23:54

Gio thuc te hien tai: 23:54

Gio thuc te hien tai: 23:54

Gio thuc te hien tai: 23:54
Da doc 500 bac si.

Gio thuc te hien tai: 23:54

Gio thuc te hien tai: 23:54

Gio thuc te hien tai: 23:54

Gio thuc te hien tai: 23:54

Gio thuc te hien tai: 23:54

Gio thuc te hien tai: 23:54

Gio thuc te hien tai: 23:54

Gio thuc te hien tai: 23:54

Gio thuc te hien tai: 23:54

Gio thuc te hien tai: 23:54
Da doc 500 bac si.
Da doc 500 bac si.

Gio thuc te hien tai: 23:54

Gio thuc te hien tai: 23:54

Gio thuc te hien tai: 23:54

Gio thuc te hien tai: 23:54

Gio thuc te hien tai: 23:54

Gio thuc te hien tai: 23:54

Gio thuc te hien tai: 23:54

Gio thuc te hien tai: 23:54

Gio thuc te hien tai: 23:54

Gio thuc te hien tai: 23:54
Da doc 500 bac si.
Da doc 500 bac si.

Gio thuc te hien tai: 23:54

Gio thuc te hien tai: 23:54

Gio thuc te hien tai: 23:54

Gio thuc te hien tai: 23:54

Gio thuc te hien tai: 23:54

Gio thuc te hien tai: 23:54

Gio thuc te hien tai: 23:54

Gio thuc te hien tai: 23:54

Gio thuc te hien tai: 23:54

Gio thuc te hien tai: 23:54
Da doc 500 bac si.
Da doc 500 bac si.

Gio thuc te hien tai: 23:55

Gio thuc te hien tai: 23:55

Gio thuc te hien tai: 23:55

Gio thuc te hien tai: 23:55

Gio thuc te hien tai: 23:55

Gio thuc te hien tai: 23:55

Gio thuc te hien tai: 23:55

Gio thuc te hien tai: 23:55

Gio thuc te hien tai: 23:55

Gio thuc te hien tai: 23:55
Da doc 500 bac si.
Da doc 500 bac si.

Gio thuc te hien tai: 23:55

Gio thuc te hien tai: 23:55

Gio thuc te hien tai: 23:55

Gio thuc te hien tai: 23:55

Gio thuc te hien tai: 23:55

Gio thuc te hien tai: 23:55

Gio thuc te hien tai: 23:55

Gio thuc te hien tai: 23:55

Gio thuc te hien tai: 23:55

Gio thuc te hien tai: 23:55
Da doc 500 bac si.
Da doc 500 bac si.

Gio thuc te hien tai: 23:55

Gio thuc te hien tai: 23:55

Gio thuc te hien tai: 23:55

Gio thuc te hien tai: 23:55

Gio thuc te hien tai: 23:55

Gio thuc te hien tai: 23:55

Gio thuc te hien tai: 23:55

Gio thuc te hien tai: 23:55

Gio thuc te hien tai: 23:55

Gio thuc te hien tai: 23:55
Da doc 500 bac si.
Da doc 500 bac si.

Gio thuc te hien tai: 23:55

Gio thuc te hien tai: 23:55

Gio thuc te hien tai: 23:55

Gio thuc te hien tai: 23:55

Gio thuc te hien tai: 23:55

Gio thuc te hien tai: 23:55

Gio thuc te hien tai: 23:55

Gio thuc te hien tai: 23:55

Gio thuc te hien tai: 23:55

Gio thuc te hien tai: 23:55
Da doc 500 bac si.

Gio thuc te hien tai: 23:55

Gio thuc te hien tai: 23:55

Gio thuc te hien tai: 23:55

Gio thuc te hien tai: 23:55

Gio thuc te hien tai: 23:55

Gio thuc te hien tai: 23:55

Gio thuc te hien tai: 23:55

Gio thuc te hien tai: 23:55

Gio thuc te hien tai: 23:55

Gio thuc te hien tai: 23:55
Da doc 500 bac si.
Da doc 500 bac si.

Gio thuc te hien tai: 23:55

Gio thuc te hien tai: 23:55

Gio thuc te hien tai: 23:55

Gio thuc te hien tai: 23:55

Gio thuc te hien tai: 23:55

Gio thuc te hien tai: 23:55

Gio thuc te hien tai: 23:55

Gio thuc te hien tai: 23:55

Gio thuc te hien tai: 23:55

Gio thuc te hien tai: 23:55
Da doc 500 bac si.
Da doc 500 bac si.

Gio thuc te hien tai: 23:55

Gio thuc te hien tai: 23:55

Gio thuc te hien tai: 23:55

Gio thuc te hien tai: 23:55

Gio thuc te hien tai: 23:55

Gio thuc te hien tai: 23:55

Gio thuc te hien tai: 23:55

Gio thuc te hien tai: 23:55

Gio thuc te hien tai: 23:55

Gio thuc te hien tai: 23:55
Da doc 500 bac si.
Da doc 500 bac si.

Gio thuc te hien tai: 23:55

Gio thuc te hien tai: 23:55

Gio thuc te hien tai: 23:55

Gio thuc te hien tai: 23:55

Gio thuc te hien tai: 23:55

Gio thuc te hien tai: 23:55

Gio thuc te hien tai: 23:55

Gio thuc te hien tai: 23:55

Gio thuc te hien tai: 23:55

Gio thuc te hien tai: 23:55
Da doc 500 bac si.
Da doc 500 bac si.

Gio thuc te hien tai: 23:55

Gio thuc te hien tai: 23:55

Gio thuc te hien tai: 23:55

Gio thuc te hien tai: 23:55

Gio thuc te hien tai: 23:55

Gio thuc te hien tai: 23:55

Gio thuc te hien tai: 23:55

Gio thuc te hien tai: 23:55

Gio thuc te hien tai: 23:55

Gio thuc te hien tai: 23:55
Da doc 500 bac si.
Da doc 500 bac si.

Gio thuc te hien tai: 23:55

Gio thuc te hien tai: 23:55

Gio thuc te hien tai: 23:55

Gio thuc te hien tai: 23:55

Gio thuc te hien tai: 23:55

Gio thuc te hien tai: 23:55

Gio thuc te hien tai: 23:55

Gio thuc te hien tai: 23:55

Gio thuc te hien tai: 23:55

Gio thuc te hien tai: 23:55
Da doc 500 bac si.
Da doc 500 bac si.

Gio thuc te hien tai: 23:55

Gio thuc te hien tai: 23:55

Gio thuc te hien tai: 23:55

Gio thuc te hien tai: 23:55

Gio thuc te hien tai: 23:55

Gio thuc te hien tai: 23:55

Gio thuc te hien tai: 23:55

Gio thuc te hien tai: 23:55

Gio thuc te hien tai: 23:55

Gio thuc te hien tai: 23:55
Da doc 500 bac si.

Gio thuc te hien tai: 23:55

Gio thuc te hien tai: 23:55

Gio thuc te hien tai: 23:55

Gio thuc te hien tai: 23:55

Gio thuc te hien tai: 23:55

Gio thuc te hien tai: 23:55

Gio thuc te hien tai: 23:55

Gio thuc te hien tai: 23:55

Gio thuc te hien tai: 23:55

Gio thuc te hien tai: 23:55
Da doc 500 bac si.
Da doc 500 bac si.

Gio thuc te hien tai: 23:56

Gio thuc te hien tai: 23:56

Gio thuc te hien tai: 23:56

Gio thuc te hien tai: 23:56

Gio thuc te hien tai: 23:56

Gio thuc te hien tai: 23:56

Gio thuc te hien tai: 23:56

Gio thuc te hien tai: 23:56

Gio thuc te hien tai: 23:56

Gio thuc te hien tai: 23:56
Da doc 500 bac si.
Da doc 500 bac si.

Gio thuc te hien tai: 23:56

Gio thuc te hien tai: 23:56

Gio thuc te hien tai: 23:56

Gio thuc te hien tai: 23:56

Gio thuc te hien tai: 23:56

Gio thuc te hien tai: 23:56

Gio thuc te hien tai: 23:56

Gio thuc te hien tai: 23:56

Gio thuc te hien tai: 23:56

Gio thuc te hien tai: 23:56
Da doc 500 bac si.
Da doc 500 bac si.

Gio thuc te hien tai: 23:56

Gio thuc te hien tai: 23:56

Gio thuc te hien tai: 23:56

Gio thuc te hien tai: 23:56

Gio thuc te hien tai: 23:56

Gio thuc te hien tai: 23:56

Gio thuc te hien tai: 23:56

Gio thuc te hien tai: 23:56

Gio thuc te hien tai: 23:56

Gio thuc te hien tai: 23:56
Da doc 500 bac si.

Gio thuc te hien tai: 23:56

Gio thuc te hien tai: 23:56

Gio thuc te hien tai: 23:56

Gio thuc te hien tai: 23:56

Gio thuc te hien tai: 23:56

Gio thuc te hien tai: 23:56

Gio thuc te hien tai: 23:56

Gio thuc te hien tai: 23:56

Gio thuc te hien tai: 23:56

Gio thuc te hien tai: 23:56
Da doc 500 bac si.
Da doc 500 bac si.

Gio thuc te hien tai: 23:56

Gio thuc te hien tai: 23:56

Gio thuc te hien tai: 23:56

Gio thuc te hien tai: 23:56

Gio thuc te hien tai: 23:56

Gio thuc te hien tai: 23:56

Gio thuc te hien tai: 23:56

Gio thuc te hien tai: 23:56

Gio thuc te hien tai: 23:56

Gio thuc te hien tai: 23:56
Da doc 500 bac si.
Da doc 500 bac si.

Gio thuc te hien tai: 23:56

Gio thuc te hien tai: 23:56

Gio thuc te hien tai: 23:56

Gio thuc te hien tai: 23:56

Gio thuc te hien tai: 23:56

Gio thuc te hien tai: 23:56

Gio thuc te hien tai: 23:56

Gio thuc te hien tai: 23:56

Gio thuc te hien tai: 23:56

Gio thuc te hien tai: 23:56
Da doc 500 bac si.
Da doc 500 bac si.

Gio thuc te hien tai: 23:56

Gio thuc te hien tai: 23:56

Gio thuc te hien tai: 23:56

Gio thuc te hien tai: 23:56

Gio thuc te hien tai: 23:56

Gio thuc te hien tai: 23:56

Gio thuc te hien tai: 23:56

Gio thuc te hien tai: 23:56

Gio thuc te hien tai: 23:56

Gio thuc te hien tai: 23:56
Da doc 500 bac si.

Gio thuc te hien tai: 23:56

Gio thuc te hien tai: 23:56

Gio thuc te hien tai: 23:56

Gio thuc te hien tai: 23:56

Gio thuc te hien tai: 23:56

Gio thuc te hien tai: 23:56

Gio thuc te hien tai: 23:56

Gio thuc te hien tai: 23:56

Gio thuc te hien tai: 23:56

Gio thuc te hien tai: 23:56
Da doc 500 bac si.
Da doc 500 bac si.

Gio thuc te hien tai: 23:56

Gio thuc te hien tai: 23:56

Gio thuc te hien tai: 23:56

Gio thuc te hien tai: 23:56

Gio thuc te hien tai: 23:56

Gio thuc te hien tai: 23:56

Gio thuc te hien tai: 23:56

Gio thuc te hien tai: 23:56

Gio thuc te hien tai: 23:56

Gio thuc te hien tai: 23:56
Da doc 500 bac si.
Da doc 500 bac si.

Gio thuc te hien tai: 23:56

Gio thuc te hien tai: 23:56

Gio thuc te hien tai: 23:56

Gio thuc te hien tai: 23:56

Gio thuc te hien tai: 23:56

Gio thuc te hien tai: 23:56

Gio thuc te hien tai: 23:56

Gio thuc te hien tai: 23:56

Gio thuc te hien tai: 23:56

Gio thuc te hien tai: 23:56
Da doc 500 bac si.
Da doc 500 bac si.

Gio thuc te hien tai: 23:56

Gio thuc te hien tai: 23:56

Gio thuc te hien tai: 23:56

Gio thuc te hien tai: 23:56

Gio thuc te hien tai: 23:56

Gio thuc te hien tai: 23:56

Gio thuc te hien tai: 23:56

Gio thuc te hien tai: 23:56

Gio thuc te hien tai: 23:56

Gio thuc te hien tai: 23:56
Da doc 500 bac si.
Da doc 500 bac si.

Gio thuc te hien tai: 23:56

Gio thuc te hien tai: 23:56

Gio thuc te hien tai: 23:56

Gio thuc te hien tai: 23:56

Gio thuc te hien tai: 23:56

Gio thuc te hien tai: 23:56

Gio thuc te hien tai: 23:56

Gio thuc te hien tai: 23:56

Gio thuc te hien tai: 23:56

Gio thuc te hien tai: 23:56
Da doc 500 bac si.
Da doc 500 bac si.

Gio thuc te hien tai: 23:56

Gio thuc te hien tai: 23:56

Gio thuc te hien tai: 23:56

Gio thuc te hien tai: 23:56

Gio thuc te hien tai: 23:56

Gio thuc te hien tai: 23:56

Gio thuc te hien tai: 23:56

Gio thuc te hien tai: 23:56

Gio thuc te hien tai: 23:56

Gio thuc te hien tai: 23:56
Da doc 500 bac si.
Da doc 500 bac si.

Gio thuc te hien tai: 23:57

Gio thuc te hien tai: 23:57

Gio thuc te hien tai: 23:57

Gio thuc te hien tai: 23:57

Gio thuc te hien tai: 23:57

Gio thuc te hien tai: 23:57

Gio thuc te hien tai: 23:57

Gio thuc te hien tai: 23:57

Gio thuc te hien tai: 23:57

Gio thuc te hien tai: 23:57
Da doc 500 bac si.

Gio thuc te hien tai: 23:57

Gio thuc te hien tai: 23:57

Gio thuc te hien tai: 23:57

Gio thuc te hien tai: 23:57

Gio thuc te hien tai: 23:57

Gio thuc te hien tai: 23:57

Gio thuc te hien tai: 23:57

Gio thuc te hien tai: 23:57

Gio thuc te hien tai: 23:57

Gio thuc te hien tai: 23:57
Da doc 500 bac si.
Da doc 500 bac si.

Gio thuc te hien tai: 23:57

Gio thuc te hien tai: 23:57

Gio thuc te hien tai: 23:57

Gio thuc te hien tai: 23:57

Gio thuc te hien tai: 23:57

Gio thuc te hien tai: 23:57

Gio thuc te hien tai: 23:57

Gio thuc te hien tai: 23:57

Gio thuc te hien tai: 23:57

Gio thuc te hien tai: 23:57
Da doc 500 bac si.
Da doc 500 bac si.

Gio thuc te hien tai: 23:57

Gio thuc te hien tai: 23:57

Gio thuc te hien tai: 23:57

Gio thuc te hien tai: 23:57

Gio thuc te hien tai: 23:57

Gio thuc te hien tai: 23:57

Gio thuc te hien tai: 23:57

Gio thuc te hien tai: 23:57

Gio thuc te hien tai: 23:57

Gio thuc te hien tai: 23:57
Da doc 500 bac si.
Da doc 500 bac si.

Gio thuc te hien tai: 23:57

Gio thuc te hien tai: 23:57

Gio thuc te hien tai: 23:57

Gio thuc te hien tai: 23:57

Gio thuc te hien tai: 23:57

Gio thuc te hien tai: 23:57

Gio thuc te hien tai: 23:57

Gio thuc te hien tai: 23:57

Gio thuc te hien tai: 23:57

Gio thuc te hien tai: 23:57
Da doc 500 bac si.
Da doc 500 bac si.

Gio thuc te hien tai: 23:57

Gio thuc te hien tai: 23:57

Gio thuc te hien tai: 23:57

Gio thuc te hien tai: 23:57

Gio thuc te hien tai: 23:57

Gio thuc te hien tai: 23:57

Gio thuc te hien tai: 23:57

Gio thuc te hien tai: 23:57

Gio thuc te hien tai: 23:57

Gio thuc te hien tai: 23:57
Da doc 500 bac si.
Da doc 500 bac si.

Gio thuc te hien tai: 23:57

Gio thuc te hien tai: 23:57

Gio thuc te hien tai: 23:57

Gio thuc te hien tai: 23:57

Gio thuc te hien tai: 23:57

Gio thuc te hien tai: 23:57

Gio thuc te hien tai: 23:57

Gio thuc te hien tai: 23:57

Gio thuc te hien tai: 23:57

Gio thuc te hien tai: 23:57
Da doc 500 bac si.
Da doc 500 bac si.

Gio thuc te hien tai: 23:57

Gio thuc te hien tai: 23:57

Gio thuc te hien tai: 23:57

Gio thuc te hien tai: 23:57

Gio thuc te hien tai: 23:57

Gio thuc te hien tai: 23:57

Gio thuc te hien tai: 23:57

Gio thuc te hien tai: 23:57

Gio thuc te hien tai: 23:57

Gio thuc te hien tai: 23:57
Da doc 500 bac si.

Gio thuc te hien tai: 23:57

Gio thuc te hien tai: 23:57

Gio thuc te hien tai: 23:57

Gio thuc te hien tai: 23:57

Gio thuc te hien tai: 23:57

Gio thuc te hien tai: 23:57

Gio thuc te hien tai: 23:57

Gio thuc te hien tai: 23:57

Gio thuc te hien tai: 23:57

Gio thuc te hien tai: 23:57
Da doc 500 bac si.

Gio thuc te hien tai: 23:57

Gio thuc te hien tai: 23:57

Gio thuc te hien tai: 23:57

Gio thuc te hien tai: 23:57

Gio thuc te hien tai: 23:57

Gio thuc te hien tai: 23:57

Gio thuc te hien tai: 23:57

Gio thuc te hien tai: 23:57

Gio thuc te hien tai: 23:57

Gio thuc te hien tai: 23:57
Da doc 500 bac si.
Da doc 500 bac si.

Gio thuc te hien tai: 23:57

Gio thuc te hien tai: 23:57

Gio thuc te hien tai: 23:57

Gio thuc te hien tai: 23:57

Gio thuc te hien tai: 23:57

Gio thuc te hien tai: 23:57

Gio thuc te hien tai: 23:57

Gio thuc te hien tai: 23:57

Gio thuc te hien tai: 23:57

Gio thuc te hien tai: 23:57
Da doc 500 bac si.
Da doc 500 bac si.

Gio thuc te hien tai: 23:57

Gio thuc te hien tai: 23:57

Gio thuc te hien tai: 23:57

Gio thuc te hien tai: 23:57

Gio thuc te hien tai: 23:57

Gio thuc te hien tai: 23:57

Gio thuc te hien tai: 23:57

Gio thuc te hien tai: 23:57

Gio thuc te hien tai: 23:57

Gio thuc te hien tai: 23:57
Da doc 500 bac si.
Da doc 500 bac si.

Gio thuc te hien tai: 23:57

Gio thuc te hien tai: 23:57

Gio thuc te hien tai: 23:57

Gio thuc te hien tai: 23:57

Gio thuc te hien tai: 23:57

Gio thuc te hien tai: 23:57

Gio thuc te hien tai: 23:57

Gio thuc te hien tai: 23:57

Gio thuc te hien tai: 23:57

Gio thuc te hien tai: 23:57
Da doc 500 bac si.
Da doc 500 bac si.

Gio thuc te hien tai: 23:58

Gio thuc te hien tai: 23:58

Gio thuc te hien tai: 23:58

Gio thuc te hien tai: 23:58

Gio thuc te hien tai: 23:58

Gio thuc te hien tai: 23:58

Gio thuc te hien tai: 23:58

Gio thuc te hien tai: 23:58

Gio thuc te hien tai: 23:58

Gio thuc te hien tai: 23:58
Da doc 500 bac si.
Da doc 500 bac si.
Da doc 500 bac si.

Gio thuc te hien tai: 23:58

Gio thuc te hien tai: 23:58

Gio thuc te hien tai: 23:58

Gio thuc te hien tai: 23:58

Gio thuc te hien tai: 23:58

Gio thuc te hien tai: 23:58

Gio thuc te hien tai: 23:58

Gio thuc te hien tai: 23:58

Gio thuc te hien tai: 23:58

Gio thuc te hien tai: 23:58
Da doc 500 bac si.

Gio thuc te hien tai: 23:58

Gio thuc te hien tai: 23:58

Gio thuc te hien tai: 23:58

Gio thuc te hien tai: 23:58

Gio thuc te hien tai: 23:58

Gio thuc te hien tai: 23:58

Gio thuc te hien tai: 23:58

Gio thuc te hien tai: 23:58

Gio thuc te hien tai: 23:58

Gio thuc te hien tai: 23:58
Da doc 500 bac si.
Da doc 500 bac si.

Gio thuc te hien tai: 23:58

Gio thuc te hien tai: 23:58

Gio thuc te hien tai: 23:58

Gio thuc te hien tai: 23:58

Gio thuc te hien tai: 23:58

Gio thuc te hien tai: 23:58

Gio thuc te hien tai: 23:58

Gio thuc te hien tai: 23:58

Gio thuc te hien tai: 23:58

Gio thuc te hien tai: 23:58
Da doc 500 bac si.
Da doc 500 bac si.

Gio thuc te hien tai: 23:58

Gio thuc te hien tai: 23:58

Gio thuc te hien tai: 23:58

Gio thuc te hien tai: 23:58

Gio thuc te hien tai: 23:58

Gio thuc te hien tai: 23:58

Gio thuc te hien tai: 23:58

Gio thuc te hien tai: 23:58

Gio thuc te hien tai: 23:58

Gio thuc te hien tai: 23:58
Da doc 500 bac si.
Da doc 500 bac si.

Gio thuc te hien tai: 23:58

Gio thuc te hien tai: 23:58

Gio thuc te hien tai: 23:58

Gio thuc te hien tai: 23:58

Gio thuc te hien tai: 23:58

Gio thuc te hien tai: 23:58

Gio thuc te hien tai: 23:58

Gio thuc te hien tai: 23:58

Gio thuc te hien tai: 23:58

Gio thuc te hien tai: 23:58
Da doc 500 bac si.
Da doc 500 bac si.

Gio thuc te hien tai: 23:58

Gio thuc te hien tai: 23:58

Gio thuc te hien tai: 23:58

Gio thuc te hien tai: 23:58

Gio thuc te hien tai: 23:58

Gio thuc te hien tai: 23:58

Gio thuc te hien tai: 23:58

Gio thuc te hien tai: 23:58

Gio thuc te hien tai: 23:58

Gio thuc te hien tai: 23:58
Da doc 500 bac si.
Da doc 500 bac si.

Gio thuc te hien tai: 23:58

Gio thuc te hien tai: 23:58

Gio thuc te hien tai: 23:58

Gio thuc te hien tai: 23:58

Gio thuc te hien tai: 23:58

Gio thuc te hien tai: 23:58

Gio thuc te hien tai: 23:58

Gio thuc te hien tai: 23:58

Gio thuc te hien tai: 23:58

Gio thuc te hien tai: 23:58
Da doc 500 bac si.
Da doc 500 bac si.

Gio thuc te hien tai: 23:58

Gio thuc te hien tai: 23:58

Gio thuc te hien tai: 23:58

Gio thuc te hien tai: 23:58

Gio thuc te hien tai: 23:58

Gio thuc te hien tai: 23:58

Gio thuc te hien tai: 23:58

Gio thuc te hien tai: 23:58

Gio thuc te hien tai: 23:58

Gio thuc te hien tai: 23:58
Da doc 500 bac si.

Gio thuc te hien tai: 23:58

Gio thuc te hien tai: 23:58

Gio thuc te hien tai: 23:58

Gio thuc te hien tai: 23:58

Gio thuc te hien tai: 23:58

Gio thuc te hien tai: 23:58

Gio thuc te hien tai: 23:58

Gio thuc te hien tai: 23:58

Gio thuc te hien tai: 23:58

Gio thuc te hien tai: 23:58
Da doc 500 bac si.
Da doc 500 bac si.

Gio thuc te hien tai: 23:58

Gio thuc te hien tai: 23:58

Gio thuc te hien tai: 23:58

Gio thuc te hien tai: 23:58

Gio thuc te hien tai: 23:58

Gio thuc te hien tai: 23:58

Gio thuc te hien tai: 23:58

Gio thuc te hien tai: 23:58

Gio thuc te hien tai: 23:58

Gio thuc te hien tai: 23:58
Da doc 500 bac si.
Da doc 500 bac si.

Gio thuc te hien tai: 23:59

Gio thuc te hien tai: 23:59

Gio thuc te hien tai: 23:59

Gio thuc te hien tai: 23:59

Gio thuc te hien tai: 23:59

Gio thuc te hien tai: 23:59

Gio thuc te hien tai: 23:59

Gio thuc te hien tai: 23:59

Gio thuc te hien tai: 23:59

Gio thuc te hien tai: 23:59
Da doc 500 bac si.
Da doc 500 bac si.

Gio thuc te hien tai: 23:59

Gio thuc te hien tai: 23:59

Gio thuc te hien tai: 23:59

Gio thuc te hien tai: 23:59

Gio thuc te hien tai: 23:59

Gio thuc te hien tai: 23:59

Gio thuc te hien tai: 23:59

Gio thuc te hien tai: 23:59

Gio thuc te hien tai: 23:59

Gio thuc te hien tai: 23:59
Da doc 500 bac si.
Da doc 500 bac si.

Gio thuc te hien tai: 23:59

Gio thuc te hien tai: 23:59

Gio thuc te hien tai: 23:59

Gio thuc te hien tai: 23:59

Gio thuc te hien tai: 23:59

Gio thuc te hien tai: 23:59

Gio thuc te hien tai: 23:59

Gio thuc te hien tai: 23:59

Gio thuc te hien tai: 23:59

Gio thuc te hien tai: 23:59
Da doc 500 bac si.
Da doc 500 bac si.

Gio thuc te hien tai: 23:59

Gio thuc te hien tai: 23:59

Gio thuc te hien tai: 23:59

Gio thuc te hien tai: 23:59

Gio thuc te hien tai: 23:59

Gio thuc te hien tai: 23:59

Gio thuc te hien tai: 23:59

Gio thuc te hien tai: 23:59

Gio thuc te hien tai: 23:59

Gio thuc te hien tai: 23:59
Da doc 500 bac si.

Gio thuc te hien tai: 23:59

Gio thuc te hien tai: 23:59

Gio thuc te hien tai: 23:59

Gio thuc te hien tai: 23:59

Gio thuc te hien tai: 23:59

Gio thuc te hien tai: 23:59

Gio thuc te hien tai: 23:59

Gio thuc te hien tai: 23:59

Gio thuc te hien tai: 23:59

Gio thuc te hien tai: 23:59
Da doc 500 bac si.
Da doc 500 bac si.

Gio thuc te hien tai: 23:59

Gio thuc te hien tai: 23:59

Gio thuc te hien tai: 23:59

Gio thuc te hien tai: 23:59

Gio thuc te hien tai: 23:59

Gio thuc te hien tai: 23:59

Gio thuc te hien tai: 23:59

Gio thuc te hien tai: 23:59

Gio thuc te hien tai: 23:59

Gio thuc te hien tai: 23:59
Da doc 500 bac si.
Da doc 500 bac si.

Gio thuc te hien tai: 23:59

Gio thuc te hien tai: 23:59

Gio thuc te hien tai: 23:59

Gio thuc te hien tai: 23:59

Gio thuc te hien tai: 23:59

Gio thuc te hien tai: 23:59

Gio thuc te hien tai: 23:59

Gio thuc te hien tai: 23:59

Gio thuc te hien tai: 23:59

Gio thuc te hien tai: 23:59
Da doc 500 bac si.
Da doc 500 bac si.

Gio thuc te hien tai: 23:59

Gio thuc te hien tai: 23:59

Gio thuc te hien tai: 23:59

Gio thuc te hien tai: 23:59

Gio thuc te hien tai: 23:59

Gio thuc te hien tai: 23:59

Gio thuc te hien tai: 23:59

Gio thuc te hien tai: 23:59

Gio thuc te hien tai: 23:59

Gio thuc te hien tai: 23:59
Da doc 500 bac si.
Da doc 500 bac si.

Gio thuc te hien tai: 23:59

Gio thuc te hien tai: 23:59

Gio thuc te hien tai: 23:59

Gio thuc te hien tai: 23:59

Gio thuc te hien tai: 23:59

Gio thuc te hien tai: 23:59

Gio thuc te hien tai: 23:59

Gio thuc te hien tai: 23:59

Gio thuc te hien tai: 23:59

Gio thuc te hien tai: 23:59
Da doc 500 bac si.
Da doc 500 bac si.

Gio thuc te hien tai: 23:59

Gio thuc te hien tai: 23:59

Gio thuc te hien tai: 23:59

Gio thuc te hien tai: 23:59

Gio thuc te hien tai: 23:59

Gio thuc te hien tai: 23:59

Gio thuc te hien tai: 23:59

Gio thuc te hien tai: 23:59

Gio thuc te hien tai: 23:59

Gio thuc te hien tai: 23:59
Da doc 500 bac si.

Gio thuc te hien tai: 23:59

Gio thuc te hien tai: 23:59

Gio thuc te hien tai: 23:59

Gio thuc te hien tai: 23:59

Gio thuc te hien tai: 23:59

Gio thuc te hien tai: 23:59

Gio thuc te hien tai: 23:59

Gio thuc te hien tai: 23:59

Gio thuc te hien tai: 23:59

Gio thuc te hien tai: 23:59
Da doc 500 bac si.
Da doc 500 bac si.

Gio thuc te hien tai: 23:59

Gio thuc te hien tai: 23:59

Gio thuc te hien tai: 23:59

Gio thuc te hien tai: 23:59

Gio thuc te hien tai: 23:59

Gio thuc te hien tai: 23:59

Gio thuc te hien tai: 23:59

Gio thuc te hien tai: 23:59

Gio thuc te hien tai: 23:59

Gio thuc te hien tai: 23:59
Da doc 500 bac si.
Da doc 500 bac si.

Gio thuc te hien tai: 00:00

Gio thuc te hien tai: 00:00

Gio thuc te hien tai: 00:00

Gio thuc te hien tai: 00:00

Gio thuc te hien tai: 00:00

Gio thuc te hien tai: 00:00

Gio thuc te hien tai: 00:00

Gio thuc te hien tai: 00:00

Gio thuc te hien tai: 00:00

Gio thuc te hien tai: 00:00
Da doc 500 bac si.
Da doc 500 bac si.

Gio thuc te hien tai: 00:00

Gio thuc te hien tai: 00:00

Gio thuc te hien tai: 00:00

Gio thuc te hien tai: 00:00

Gio thuc te hien tai: 00:00

Gio thuc te hien tai: 00:00

Gio thuc te hien tai: 00:00

Gio thuc te hien tai: 00:00

Gio thuc te hien tai: 00:00

Gio thuc te hien tai: 00:00
Da doc 500 bac si.
Da doc 500 bac si.

Gio thuc te hien tai: 00:00

Gio thuc te hien tai: 00:00

Gio thuc te hien tai: 00:00

Gio thuc te hien tai: 00:00

Gio thuc te hien tai: 00:00

Gio thuc te hien tai: 00:00

Gio thuc te hien tai: 00:00

Gio thuc te hien tai: 00:00

Gio thuc te hien tai: 00:00

Gio thuc te hien tai: 00:00
Da doc 500 bac si.
Da doc 500 bac si.

Gio thuc te hien tai: 00:00

Gio thuc te hien tai: 00:00

Gio thuc te hien tai: 00:00

Gio thuc te hien tai: 00:00

Gio thuc te hien tai: 00:00

Gio thuc te hien tai: 00:00

Gio thuc te hien tai: 00:00

Gio thuc te hien tai: 00:00

Gio thuc te hien tai: 00:00

Gio thuc te hien tai: 00:00
Da doc 500 bac si.

Gio thuc te hien tai: 00:00

Gio thuc te hien tai: 00:00

Gio thuc te hien tai: 00:00

Gio thuc te hien tai: 00:00

Gio thuc te hien tai: 00:00

Gio thuc te hien tai: 00:00

Gio thuc te hien tai: 00:00

Gio thuc te hien tai: 00:00

Gio thuc te hien tai: 00:00

Gio thuc te hien tai: 00:00
Da doc 500 bac si.
Da doc 500 bac si.

Gio thuc te hien tai: 00:00

Gio thuc te hien tai: 00:00

Gio thuc te hien tai: 00:00

Gio thuc te hien tai: 00:00

Gio thuc te hien tai: 00:00

Gio thuc te hien tai: 00:00

Gio thuc te hien tai: 00:00

Gio thuc te hien tai: 00:00

Gio thuc te hien tai: 00:00

Gio thuc te hien tai: 00:00
Da doc 500 bac si.
Da doc 500 bac si.

Gio thuc te hien tai: 00:00

Gio thuc te hien tai: 00:00

Gio thuc te hien tai: 00:00

Gio thuc te hien tai: 00:00

Gio thuc te hien tai: 00:00

Gio thuc te hien tai: 00:00

Gio thuc te hien tai: 00:00

Gio thuc te hien tai: 00:00

Gio thuc te hien tai: 00:00

Gio thuc te hien tai: 00:00
Da doc 500 bac si.
Da doc 500 bac si.

Gio thuc te hien tai: 00:00

Gio thuc te hien tai: 00:00

Gio thuc te hien tai: 00:00

Gio thuc te hien tai: 00:00

Gio thuc te hien tai: 00:00

Gio thuc te hien tai: 00:00

Gio thuc te hien tai: 00:00

Gio thuc te hien tai: 00:00

Gio thuc te hien tai: 00:00

Gio thuc te hien tai: 00:00
Da doc 500 bac si.
Da doc 500 bac si.

Gio thuc te hien tai: 00:00

Gio thuc te hien tai: 00:00

Gio thuc te hien tai: 00:00

Gio thuc te hien tai: 00:00

Gio thuc te hien tai: 00:00

Gio thuc te hien tai: 00:00

Gio thuc te hien tai: 00:00

Gio thuc te hien tai: 00:00

Gio thuc te hien tai: 00:00

Gio thuc te hien tai: 00:00
Da doc 500 bac si.
Da doc 500 bac si.

Gio thuc te hien tai: 00:00

Gio thuc te hien tai: 00:00

Gio thuc te hien tai: 00:00

Gio thuc te hien tai: 00:00

Gio thuc te hien tai: 00:00

Gio thuc te hien tai: 00:00

Gio thuc te hien tai: 00:00

Gio thuc te hien tai: 00:00

Gio thuc te hien tai: 00:00

Gio thuc te hien tai: 00:00
Da doc 500 bac si.
Da doc 500 bac si.

Gio thuc te hien tai: 00:00

Gio thuc te hien tai: 00:00

Gio thuc te hien tai: 00:00

Gio thuc te hien tai: 00:00

Gio thuc te hien tai: 00:00

Gio thuc te hien tai: 00:00

Gio thuc te hien tai: 00:00

Gio thuc te hien tai: 00:00

Gio thuc te hien tai: 00:00

Gio thuc te hien tai: 00:00
Da doc 500 bac si.

Gio thuc te hien tai: 00:00

Gio thuc te hien tai: 00:00

Gio thuc te hien tai: 00:00

Gio thuc te hien tai: 00:00

Gio thuc te hien tai: 00:00

Gio thuc te hien tai: 00:00

Gio thuc te hien tai: 00:00

Gio thuc te hien tai: 00:00

Gio thuc te hien tai: 00:00

Gio thuc te hien tai: 00:00
Da doc 500 bac si.
Da doc 500 bac si.

Gio thuc te hien tai: 00:01

Gio thuc te hien tai: 00:01

Gio thuc te hien tai: 00:01

Gio thuc te hien tai: 00:01

Gio thuc te hien tai: 00:01

Gio thuc te hien tai: 00:01

Gio thuc te hien tai: 00:01

Gio thuc te hien tai: 00:01

Gio thuc te hien tai: 00:01

Gio thuc te hien tai: 00:01
Da doc 500 bac si.
Da doc 500 bac si.

Gio thuc te hien tai: 00:01

Gio thuc te hien tai: 00:01

Gio thuc te hien tai: 00:01

Gio thuc te hien tai: 00:01

Gio thuc te hien tai: 00:01

Gio thuc te hien tai: 00:01

Gio thuc te hien tai: 00:01

Gio thuc te hien tai: 00:01

Gio thuc te hien tai: 00:01

Gio thuc te hien tai: 00:01
Da doc 500 bac si.
Da doc 500 bac si.

Gio thuc te hien tai: 00:01

Gio thuc te hien tai: 00:01

Gio thuc te hien tai: 00:01

Gio thuc te hien tai: 00:01

Gio thuc te hien tai: 00:01

Gio thuc te hien tai: 00:01

Gio thuc te hien tai: 00:01

Gio thuc te hien tai: 00:01

Gio thuc te hien tai: 00:01

Gio thuc te hien tai: 00:01
Da doc 500 bac si.
Da doc 500 bac si.

Gio thuc te hien tai: 00:01

Gio thuc te hien tai: 00:01

Gio thuc te hien tai: 00:01

Gio thuc te hien tai: 00:01

Gio thuc te hien tai: 00:01

Gio thuc te hien tai: 00:01

Gio thuc te hien tai: 00:01

Gio thuc te hien tai: 00:01

Gio thuc te hien tai: 00:01

Gio thuc te hien tai: 00:01
Da doc 500 bac si.
Da doc 500 bac si.

Gio thuc te hien tai: 00:01

Gio thuc te hien tai: 00:01

Gio thuc te hien tai: 00:01

Gio thuc te hien tai: 00:01

Gio thuc te hien tai: 00:01

Gio thuc te hien tai: 00:01

Gio thuc te hien tai: 00:01

Gio thuc te hien tai: 00:01

Gio thuc te hien tai: 00:01

Gio thuc te hien tai: 00:01
Da doc 500 bac si.
Da doc 500 bac si.

Gio thuc te hien tai: 00:01

Gio thuc te hien tai: 00:01

Gio thuc te hien tai: 00:01

Gio thuc te hien tai: 00:01

Gio thuc te hien tai: 00:01

Gio thuc te hien tai: 00:01

Gio thuc te hien tai: 00:01

Gio thuc te hien tai: 00:01

Gio thuc te hien tai: 00:01

Gio thuc te hien tai: 00:01
Da doc 500 bac si.

Gio thuc te hien tai: 00:01

Gio thuc te hien tai: 00:01

Gio thuc te hien tai: 00:01

Gio thuc te hien tai: 00:01

Gio thuc te hien tai: 00:01

Gio thuc te hien tai: 00:01

Gio thuc te hien tai: 00:01

Gio thuc te hien tai: 00:01

Gio thuc te hien tai: 00:01

Gio thuc te hien tai: 00:01
Da doc 500 bac si.
Da doc 500 bac si.

Gio thuc te hien tai: 00:01

Gio thuc te hien tai: 00:01

Gio thuc te hien tai: 00:01

Gio thuc te hien tai: 00:01

Gio thuc te hien tai: 00:01

Gio thuc te hien tai: 00:01

Gio thuc te hien tai: 00:01

Gio thuc te hien tai: 00:01

Gio thuc te hien tai: 00:01

Gio thuc te hien tai: 00:01
Da doc 500 bac si.
Da doc 500 bac si.

Gio thuc te hien tai: 00:01

Gio thuc te hien tai: 00:01

Gio thuc te hien tai: 00:01

Gio thuc te hien tai: 00:01

Gio thuc te hien tai: 00:01

Gio thuc te hien tai: 00:01

Gio thuc te hien tai: 00:01

Gio thuc te hien tai: 00:01

Gio thuc te hien tai: 00:01

Gio thuc te hien tai: 00:01
Da doc 500 bac si.
Da doc 500 bac si.

Gio thuc te hien tai: 00:01

Gio thuc te hien tai: 00:01

Gio thuc te hien tai: 00:01

Gio thuc te hien tai: 00:01

Gio thuc te hien tai: 00:01

Gio thuc te hien tai: 00:01

Gio thuc te hien tai: 00:01

Gio thuc te hien tai: 00:01

Gio thuc te hien tai: 00:01

Gio thuc te hien tai: 00:01
Da doc 500 bac si.
Da doc 500 bac si.

Gio thuc te hien tai: 00:01

Gio thuc te hien tai: 00:01

Gio thuc te hien tai: 00:01

Gio thuc te hien tai: 00:01

Gio thuc te hien tai: 00:01

Gio thuc te hien tai: 00:01

Gio thuc te hien tai: 00:01

Gio thuc te hien tai: 00:01

Gio thuc te hien tai: 00:01

Gio thuc te hien tai: 00:01
Da doc 500 bac si.
Da doc 500 bac si.

Gio thuc te hien tai: 00:01

Gio thuc te hien tai: 00:01

Gio thuc te hien tai: 00:01

Gio thuc te hien tai: 00:01

Gio thuc te hien tai: 00:01

Gio thuc te hien tai: 00:01

Gio thuc te hien tai: 00:01

Gio thuc te hien tai: 00:01

Gio thuc te hien tai: 00:01

Gio thuc te hien tai: 00:01
Da doc 500 bac si.
Da doc 500 bac si.

Gio thuc te hien tai: 00:02

Gio thuc te hien tai: 00:02

Gio thuc te hien tai: 00:02

Gio thuc te hien tai: 00:02

Gio thuc te hien tai: 00:02

Gio thuc te hien tai: 00:02

Gio thuc te hien tai: 00:02

Gio thuc te hien tai: 00:02

Gio thuc te hien tai: 00:02

Gio thuc te hien tai: 00:02
Da doc 500 bac si.

Gio thuc te hien tai: 00:02

Gio thuc te hien tai: 00:02

Gio thuc te hien tai: 00:02

Gio thuc te hien tai: 00:02

Gio thuc te hien tai: 00:02

Gio thuc te hien tai: 00:02

Gio thuc te hien tai: 00:02

Gio thuc te hien tai: 00:02

Gio thuc te hien tai: 00:02

Gio thuc te hien tai: 00:02
Da doc 500 bac si.
Da doc 500 bac si.

Gio thuc te hien tai: 00:02

Gio thuc te hien tai: 00:02

Gio thuc te hien tai: 00:02

Gio thuc te hien tai: 00:02

Gio thuc te hien tai: 00:02

Gio thuc te hien tai: 00:02

Gio thuc te hien tai: 00:02

Gio thuc te hien tai: 00:02

Gio thuc te hien tai: 00:02

Gio thuc te hien tai: 00:02
Da doc 500 bac si.
Da doc 500 bac si.

Gio thuc te hien tai: 00:02

Gio thuc te hien tai: 00:02

Gio thuc te hien tai: 00:02

Gio thuc te hien tai: 00:02

Gio thuc te hien tai: 00:02

Gio thuc te hien tai: 00:02

Gio thuc te hien tai: 00:02

Gio thuc te hien tai: 00:02

Gio thuc te hien tai: 00:02

Gio thuc te hien tai: 00:02
Da doc 500 bac si.
Da doc 500 bac si.

Gio thuc te hien tai: 00:02

Gio thuc te hien tai: 00:02

Gio thuc te hien tai: 00:02

Gio thuc te hien tai: 00:02

Gio thuc te hien tai: 00:02

Gio thuc te hien tai: 00:02

Gio thuc te hien tai: 00:02

Gio thuc te hien tai: 00:02

Gio thuc te hien tai: 00:02

Gio thuc te hien tai: 00:02
Da doc 500 bac si.
Da doc 500 bac si.

Gio thuc te hien tai: 00:02

Gio thuc te hien tai: 00:02

Gio thuc te hien tai: 00:02

Gio thuc te hien tai: 00:02

Gio thuc te hien tai: 00:02

Gio thuc te hien tai: 00:02

Gio thuc te hien tai: 00:02

Gio thuc te hien tai: 00:02

Gio thuc te hien tai: 00:02

Gio thuc te hien tai: 00:02
Da doc 500 bac si.
Da doc 500 bac si.

Gio thuc te hien tai: 00:02

Gio thuc te hien tai: 00:02

Gio thuc te hien tai: 00:02

Gio thuc te hien tai: 00:02

Gio thuc te hien tai: 00:02

Gio thuc te hien tai: 00:02

Gio thuc te hien tai: 00:02

Gio thuc te hien tai: 00:02

Gio thuc te hien tai: 00:02

Gio thuc te hien tai: 00:02
Da doc 500 bac si.
Da doc 500 bac si.

Gio thuc te hien tai: 00:02

Gio thuc te hien tai: 00:02

Gio thuc te hien tai: 00:02

Gio thuc te hien tai: 00:02

Gio thuc te hien tai: 00:02

Gio thuc te hien tai: 00:02

Gio thuc te hien tai: 00:02

Gio thuc te hien tai: 00:02

Gio thuc te hien tai: 00:02

Gio thuc te hien tai: 00:02
Da doc 500 bac si.

Gio thuc te hien tai: 00:02

Gio thuc te hien tai: 00:02

Gio thuc te hien tai: 00:02

Gio thuc te hien tai: 00:02

Gio thuc te hien tai: 00:02

Gio thuc te hien tai: 00:02

Gio thuc te hien tai: 00:02

Gio thuc te hien tai: 00:02

Gio thuc te hien tai: 00:02

Gio thuc te hien tai: 00:02
Da doc 500 bac si.
Da doc 500 bac si.

Gio thuc te hien tai: 00:02

Gio thuc te hien tai: 00:02

Gio thuc te hien tai: 00:02

Gio thuc te hien tai: 00:02

Gio thuc te hien tai: 00:02

Gio thuc te hien tai: 00:02

Gio thuc te hien tai: 00:02

Gio thuc te hien tai: 00:02

Gio thuc te hien tai: 00:02

Gio thuc te hien tai: 00:02
Da doc 500 bac si.
Da doc 500 bac si.

Gio thuc te hien tai: 00:02

Gio thuc te hien tai: 00:02

Gio thuc te hien tai: 00:02

Gio thuc te hien tai: 00:02

Gio thuc te hien tai: 00:02

Gio thuc te hien tai: 00:02

Gio thuc te hien tai: 00:02

Gio thuc te hien tai: 00:02

Gio thuc te hien tai: 00:02

Gio thuc te hien tai: 00:02
Da doc 500 bac si.
Da doc 500 bac si.

Gio thuc te hien tai: 00:02

Gio thuc te hien tai: 00:02

Gio thuc te hien tai: 00:02

Gio thuc te hien tai: 00:02

Gio thuc te hien tai: 00:02

Gio thuc te hien tai: 00:02

Gio thuc te hien tai: 00:02

Gio thuc te hien tai: 00:02

Gio thuc te hien tai: 00:02

Gio thuc te hien tai: 00:02
Da doc 500 bac si.
Da doc 500 bac si.

Gio thuc te hien tai: 00:03

Gio thuc te hien tai: 00:03

Gio thuc te hien tai: 00:03

Gio thuc te hien tai: 00:03

Gio thuc te hien tai: 00:03

Gio thuc te hien tai: 00:03

Gio thuc te hien tai: 00:03

Gio thuc te hien tai: 00:03

Gio thuc te hien tai: 00:03

Gio thuc te hien tai: 00:03
Da doc 500 bac si.
Da doc 500 bac si.

Gio thuc te hien tai: 00:03

Gio thuc te hien tai: 00:03

Gio thuc te hien tai: 00:03

Gio thuc te hien tai: 00:03

Gio thuc te hien tai: 00:03

Gio thuc te hien tai: 00:03

Gio thuc te hien tai: 00:03

Gio thuc te hien tai: 00:03

Gio thuc te hien tai: 00:03

Gio thuc te hien tai: 00:03
Da doc 500 bac si.
Da doc 500 bac si.

Gio thuc te hien tai: 00:03

Gio thuc te hien tai: 00:03

Gio thuc te hien tai: 00:03

Gio thuc te hien tai: 00:03

Gio thuc te hien tai: 00:03

Gio thuc te hien tai: 00:03

Gio thuc te hien tai: 00:03

Gio thuc te hien tai: 00:03

Gio thuc te hien tai: 00:03

Gio thuc te hien tai: 00:03
Da doc 500 bac si.

Gio thuc te hien tai: 00:03

Gio thuc te hien tai: 00:03

Gio thuc te hien tai: 00:03

Gio thuc te hien tai: 00:03

Gio thuc te hien tai: 00:03

Gio thuc te hien tai: 00:03

Gio thuc te hien tai: 00:03

Gio thuc te hien tai: 00:03

Gio thuc te hien tai: 00:03

Gio thuc te hien tai: 00:03
Da doc 500 bac si.
Da doc 500 bac si.

Gio thuc te hien tai: 00:03

Gio thuc te hien tai: 00:03

Gio thuc te hien tai: 00:03

Gio thuc te hien tai: 00:03

Gio thuc te hien tai: 00:03

Gio thuc te hien tai: 00:03

Gio thuc te hien tai: 00:03

Gio thuc te hien tai: 00:03

Gio thuc te hien tai: 00:03

Gio thuc te hien tai: 00:03
Da doc 500 bac si.
Da doc 500 bac si.

Gio thuc te hien tai: 00:03

Gio thuc te hien tai: 00:03

Gio thuc te hien tai: 00:03

Gio thuc te hien tai: 00:03

Gio thuc te hien tai: 00:03

Gio thuc te hien tai: 00:03

Gio thuc te hien tai: 00:03

Gio thuc te hien tai: 00:03

Gio thuc te hien tai: 00:03

Gio thuc te hien tai: 00:03
Da doc 500 bac si.
Da doc 500 bac si.

Gio thuc te hien tai: 00:03

Gio thuc te hien tai: 00:03

Gio thuc te hien tai: 00:03

Gio thuc te hien tai: 00:03

Gio thuc te hien tai: 00:03

Gio thuc te hien tai: 00:03

Gio thuc te hien tai: 00:03

Gio thuc te hien tai: 00:03

Gio thuc te hien tai: 00:03

Gio thuc te hien tai: 00:03
Da doc 500 bac si.
Da doc 500 bac si.

Gio thuc te hien tai: 00:03

Gio thuc te hien tai: 00:03

Gio thuc te hien tai: 00:03

Gio thuc te hien tai: 00:03

Gio thuc te hien tai: 00:03

Gio thuc te hien tai: 00:03

Gio thuc te hien tai: 00:03

Gio thuc te hien tai: 00:03

Gio thuc te hien tai: 00:03

Gio thuc te hien tai: 00:03
Da doc 500 bac si.
Da doc 500 bac si.

Gio thuc te hien tai: 00:03

Gio thuc te hien tai: 00:03

Gio thuc te hien tai: 00:03

Gio thuc te hien tai: 00:03

Gio thuc te hien tai: 00:03

Gio thuc te hien tai: 00:03

Gio thuc te hien tai: 00:03

Gio thuc te hien tai: 00:03

Gio thuc te hien tai: 00:03

Gio thuc te hien tai: 00:03
Da doc 500 bac si.
Da doc 500 bac si.

Gio thuc te hien tai: 00:03

Gio thuc te hien tai: 00:03

Gio thuc te hien tai: 00:03

Gio thuc te hien tai: 00:03

Gio thuc te hien tai: 00:03

Gio thuc te hien tai: 00:03

Gio thuc te hien tai: 00:03

Gio thuc te hien tai: 00:03

Gio thuc te hien tai: 00:03

Gio thuc te hien tai: 00:03
Da doc 500 bac si.

Gio thuc te hien tai: 00:03

Gio thuc te hien tai: 00:03

Gio thuc te hien tai: 00:03

Gio thuc te hien tai: 00:03

Gio thuc te hien tai: 00:03

Gio thuc te hien tai: 00:03

Gio thuc te hien tai: 00:03

Gio thuc te hien tai: 00:03

Gio thuc te hien tai: 00:03

Gio thuc te hien tai: 00:03
Da doc 500 bac si.
Da doc 500 bac si.

Gio thuc te hien tai: 00:03

Gio thuc te hien tai: 00:03

Gio thuc te hien tai: 00:03

Gio thuc te hien tai: 00:03

Gio thuc te hien tai: 00:03

Gio thuc te hien tai: 00:03

Gio thuc te hien tai: 00:03

Gio thuc te hien tai: 00:03

Gio thuc te hien tai: 00:03

Gio thuc te hien tai: 00:03
Da doc 500 bac si.
Da doc 500 bac si.

Gio thuc te hien tai: 00:04

Gio thuc te hien tai: 00:04

Gio thuc te hien tai: 00:04

Gio thuc te hien tai: 00:04

Gio thuc te hien tai: 00:04

Gio thuc te hien tai: 00:04

Gio thuc te hien tai: 00:04

Gio thuc te hien tai: 00:04

Gio thuc te hien tai: 00:04

Gio thuc te hien tai: 00:04
Da doc 500 bac si.
Da doc 500 bac si.

Gio thuc te hien tai: 00:04

Gio thuc te hien tai: 00:04

Gio thuc te hien tai: 00:04

Gio thuc te hien tai: 00:04

Gio thuc te hien tai: 00:04

Gio thuc te hien tai: 00:04

Gio thuc te hien tai: 00:04

Gio thuc te hien tai: 00:04

Gio thuc te hien tai: 00:04

Gio thuc te hien tai: 00:04
Da doc 500 bac si.
Da doc 500 bac si.

Gio thuc te hien tai: 00:04

Gio thuc te hien tai: 00:04

Gio thuc te hien tai: 00:04

Gio thuc te hien tai: 00:04

Gio thuc te hien tai: 00:04

Gio thuc te hien tai: 00:04

Gio thuc te hien tai: 00:04

Gio thuc te hien tai: 00:04

Gio thuc te hien tai: 00:04

Gio thuc te hien tai: 00:04
Da doc 500 bac si.
Da doc 500 bac si.

Gio thuc te hien tai: 00:04

Gio thuc te hien tai: 00:04

Gio thuc te hien tai: 00:04

Gio thuc te hien tai: 00:04

Gio thuc te hien tai: 00:04

Gio thuc te hien tai: 00:04

Gio thuc te hien tai: 00:04

Gio thuc te hien tai: 00:04

Gio thuc te hien tai: 00:04

Gio thuc te hien tai: 00:04
Da doc 500 bac si.
Da doc 500 bac si.

Gio thuc te hien tai: 00:04

Gio thuc te hien tai: 00:04

Gio thuc te hien tai: 00:04

Gio thuc te hien tai: 00:04

Gio thuc te hien tai: 00:04

Gio thuc te hien tai: 00:04

Gio thuc te hien tai: 00:04

Gio thuc te hien tai: 00:04

Gio thuc te hien tai: 00:04

Gio thuc te hien tai: 00:04
Da doc 500 bac si.

Gio thuc te hien tai: 00:04

Gio thuc te hien tai: 00:04

Gio thuc te hien tai: 00:04

Gio thuc te hien tai: 00:04

Gio thuc te hien tai: 00:04

Gio thuc te hien tai: 00:04

Gio thuc te hien tai: 00:04

Gio thuc te hien tai: 00:04

Gio thuc te hien tai: 00:04

Gio thuc te hien tai: 00:04
Da doc 500 bac si.
Da doc 500 bac si.

Gio thuc te hien tai: 00:04

Gio thuc te hien tai: 00:04

Gio thuc te hien tai: 00:04

Gio thuc te hien tai: 00:04

Gio thuc te hien tai: 00:04

Gio thuc te hien tai: 00:04

Gio thuc te hien tai: 00:04

Gio thuc te hien tai: 00:04

Gio thuc te hien tai: 00:04

Gio thuc te hien tai: 00:04
Da doc 500 bac si.
Da doc 500 bac si.

Gio thuc te hien tai: 00:04

Gio thuc te hien tai: 00:04

Gio thuc te hien tai: 00:04

Gio thuc te hien tai: 00:04

Gio thuc te hien tai: 00:04

Gio thuc te hien tai: 00:04

Gio thuc te hien tai: 00:04

Gio thuc te hien tai: 00:04

Gio thuc te hien tai: 00:04

Gio thuc te hien tai: 00:04
Da doc 500 bac si.
Da doc 500 bac si.

Gio thuc te hien tai: 00:04

Gio thuc te hien tai: 00:04

Gio thuc te hien tai: 00:04

Gio thuc te hien tai: 00:04

Gio thuc te hien tai: 00:04

Gio thuc te hien tai: 00:04

Gio thuc te hien tai: 00:04

Gio thuc te hien tai: 00:04

Gio thuc te hien tai: 00:04

Gio thuc te hien tai: 00:04
Da doc 500 bac si.
Da doc 500 bac si.

Gio thuc te hien tai: 00:04

Gio thuc te hien tai: 00:04

Gio thuc te hien tai: 00:04

Gio thuc te hien tai: 00:04

Gio thuc te hien tai: 00:04

Gio thuc te hien tai: 00:04

Gio thuc te hien tai: 00:04

Gio thuc te hien tai: 00:04

Gio thuc te hien tai: 00:04

Gio thuc te hien tai: 00:04
Da doc 500 bac si.
Da doc 500 bac si.

Gio thuc te hien tai: 00:04

Gio thuc te hien tai: 00:04

Gio thuc te hien tai: 00:04

Gio thuc te hien tai: 00:04

Gio thuc te hien tai: 00:04

Gio thuc te hien tai: 00:04

Gio thuc te hien tai: 00:04

Gio thuc te hien tai: 00:04

Gio thuc te hien tai: 00:04

Gio thuc te hien tai: 00:04
Da doc 500 bac si.
Da doc 500 bac si.

Gio thuc te hien tai: 00:04

Gio thuc te hien tai: 00:04

Gio thuc te hien tai: 00:04

Gio thuc te hien tai: 00:04

Gio thuc te hien tai: 00:04

Gio thuc te hien tai: 00:04

Gio thuc te hien tai: 00:04

Gio thuc te hien tai: 00:04

Gio thuc te hien tai: 00:04

Gio thuc te hien tai: 00:04
Da doc 500 bac si.

Gio thuc te hien tai: 00:05

Gio thuc te hien tai: 00:05

Gio thuc te hien tai: 00:05

Gio thuc te hien tai: 00:05

Gio thuc te hien tai: 00:05

Gio thuc te hien tai: 00:05

Gio thuc te hien tai: 00:05

Gio thuc te hien tai: 00:05

Gio thuc te hien tai: 00:05

Gio thuc te hien tai: 00:05
Da doc 500 bac si.
Da doc 500 bac si.

Gio thuc te hien tai: 00:05

Gio thuc te hien tai: 00:05

Gio thuc te hien tai: 00:05

Gio thuc te hien tai: 00:05

Gio thuc te hien tai: 00:05

Gio thuc te hien tai: 00:05

Gio thuc te hien tai: 00:05

Gio thuc te hien tai: 00:05

Gio thuc te hien tai: 00:05

Gio thuc te hien tai: 00:05
Da doc 500 bac si.
Da doc 500 bac si.

Gio thuc te hien tai: 00:05

Gio thuc te hien tai: 00:05

Gio thuc te hien tai: 00:05

Gio thuc te hien tai: 00:05

Gio thuc te hien tai: 00:05

Gio thuc te hien tai: 00:05

Gio thuc te hien tai: 00:05

Gio thuc te hien tai: 00:05

Gio thuc te hien tai: 00:05

Gio thuc te hien tai: 00:05
Da doc 500 bac si.
Da doc 500 bac si.

Gio thuc te hien tai: 00:05

Gio thuc te hien tai: 00:05

Gio thuc te hien tai: 00:05

Gio thuc te hien tai: 00:05

Gio thuc te hien tai: 00:05

Gio thuc te hien tai: 00:05

Gio thuc te hien tai: 00:05

Gio thuc te hien tai: 00:05

Gio thuc te hien tai: 00:05

Gio thuc te hien tai: 00:05
Da doc 500 bac si.
Da doc 500 bac si.

Gio thuc te hien tai: 00:05

Gio thuc te hien tai: 00:05

Gio thuc te hien tai: 00:05

Gio thuc te hien tai: 00:05

Gio thuc te hien tai: 00:05

Gio thuc te hien tai: 00:05

Gio thuc te hien tai: 00:05

Gio thuc te hien tai: 00:05

Gio thuc te hien tai: 00:05

Gio thuc te hien tai: 00:05
Da doc 500 bac si.
Da doc 500 bac si.

Gio thuc te hien tai: 00:05

Gio thuc te hien tai: 00:05

Gio thuc te hien tai: 00:05

Gio thuc te hien tai: 00:05

Gio thuc te hien tai: 00:05

Gio thuc te hien tai: 00:05

Gio thuc te hien tai: 00:05

Gio thuc te hien tai: 00:05

Gio thuc te hien tai: 00:05

Gio thuc te hien tai: 00:05
Da doc 500 bac si.
Da doc 500 bac si.

Gio thuc te hien tai: 00:05

Gio thuc te hien tai: 00:05

Gio thuc te hien tai: 00:05

Gio thuc te hien tai: 00:05

Gio thuc te hien tai: 00:05

Gio thuc te hien tai: 00:05

Gio thuc te hien tai: 00:05

Gio thuc te hien tai: 00:05

Gio thuc te hien tai: 00:05

Gio thuc te hien tai: 00:05
Da doc 500 bac si.
Da doc 500 bac si.

Gio thuc te hien tai: 00:05

Gio thuc te hien tai: 00:05

Gio thuc te hien tai: 00:05

Gio thuc te hien tai: 00:05

Gio thuc te hien tai: 00:05

Gio thuc te hien tai: 00:05

Gio thuc te hien tai: 00:05

Gio thuc te hien tai: 00:05

Gio thuc te hien tai: 00:05

Gio thuc te hien tai: 00:05
Da doc 500 bac si.

Gio thuc te hien tai: 00:05

Gio thuc te hien tai: 00:05

Gio thuc te hien tai: 00:05

Gio thuc te hien tai: 00:05

Gio thuc te hien tai: 00:05

Gio thuc te hien tai: 00:05

Gio thuc te hien tai: 00:05

Gio thuc te hien tai: 00:05

Gio thuc te hien tai: 00:05

Gio thuc te hien tai: 00:05
Da doc 500 bac si.
Da doc 500 bac si.

Gio thuc te hien tai: 00:05

Gio thuc te hien tai: 00:05

Gio thuc te hien tai: 00:05

Gio thuc te hien tai: 00:05

Gio thuc te hien tai: 00:05

Gio thuc te hien tai: 00:05

Gio thuc te hien tai: 00:05

Gio thuc te hien tai: 00:05

Gio thuc te hien tai: 00:05

Gio thuc te hien tai: 00:05
Da doc 500 bac si.
Da doc 500 bac si.

Gio thuc te hien tai: 00:05

Gio thuc te hien tai: 00:05

Gio thuc te hien tai: 00:05

Gio thuc te hien tai: 00:05

Gio thuc te hien tai: 00:05

Gio thuc te hien tai: 00:05

Gio thuc te hien tai: 00:05

Gio thuc te hien tai: 00:05

Gio thuc te hien tai: 00:05

Gio thuc te hien tai: 00:05
Da doc 500 bac si.
