Tao bang truy xuat thanh cong.
Hospital API: http://127.0.0.1:18080

Gio thuc te hien tai: 22:02

Gio thuc te hien tai: 22:02

Gio thuc te hien tai: 22:02

Gio thuc te hien tai: 22:02

Gio thuc te hien tai: 22:02

Gio thuc te hien tai: 22:02

Gio thuc te hien tai: 22:02

Gio thuc te hien tai: 22:02

Gio thuc te hien tai: 22:02

Gio thuc te hien tai: 22:02
Da doc 500 bac si.

Gio thuc te hien tai: 22:02

Gio thuc te hien tai: 22:02

Gio thuc te hien tai: 22:02

Gio thuc te hien tai: 22:02

Gio thuc te hien tai: 22:02

Gio thuc te hien tai: 22:02

Gio thuc te hien tai: 22:02

Gio thuc te hien tai: 22:02

Gio thuc te hien tai: 22:02

Gio thuc te hien tai: 22:02
Da doc 500 bac si.
Da doc 500 bac si.
Da nap 298 benh nhan vao cac hang doi RAM.

========================================
XU LY Khoa Cap cuu
Thoi gian hien tai: 2026-10-04 22:06:58
So benh nhan trong hang: 30

BN checkin_id = 66 -> BS013 (Lý Trọng Thành)
Bat dau: 2026-10-04 22:06:58
Thoi luong: 13 phut
Ket thuc: 2026-10-04 22:19:58

BN checkin_id = 117 -> BS054 (Lê Minh Hải)
Bat dau: 2026-10-04 22:06:58
Thoi luong: 18 phut
Ket thuc: 2026-10-04 22:24:58

BN checkin_id = 124 -> BS073 (Ngô Đức Minh)
Bat dau: 2026-10-04 22:06:58
Thoi luong: 26 phut
Ket thuc: 2026-10-04 22:32:58

BN checkin_id = 134 -> BS077 (Hồ Trọng Hùng)
Bat dau: 2026-10-04 22:06:58
Thoi luong: 10 phut
Ket thuc: 2026-10-04 22:16:58

BN checkin_id = 208 -> BS078 (Dương Thu Nhung)
Bat dau: 2026-10-04 22:06:58
Thoi luong: 27 phut
Ket thuc: 2026-10-04 22:33:58

BN checkin_id = 259 -> BS097 (Nguyễn Đức Tuấn)
Bat dau: 2026-10-04 22:06:58
Thoi luong: 12 phut
Ket thuc: 2026-10-04 22:18:58

BN checkin_id = 90 -> BS124 (Vũ Thanh Ngân)
Bat dau: 2026-10-04 22:06:58
Thoi luong: 22 phut
Ket thuc: 2026-10-04 22:28:58

BN checkin_id = 109 -> BS143 (Phan Phương Trinh)
Bat dau: 2026-10-04 22:06:58
Thoi luong: 19 phut
Ket thuc: 2026-10-04 22:25:58

BN checkin_id = 132 -> BS147 (Phạm Hoàng Phong)
Bat dau: 2026-10-04 22:06:58
Thoi luong: 18 phut
Ket thuc: 2026-10-04 22:24:58

BN checkin_id = 221 -> BS191 (Ngô Trọng Tuấn)
Bat dau: 2026-10-04 22:06:58
Thoi luong: 29 phut
Ket thuc: 2026-10-04 22:35:58

BN checkin_id = 61 -> BS196 (Phạm Gia Minh)
Bat dau: 2026-10-04 22:06:58
Thoi luong: 15 phut
Ket thuc: 2026-10-04 22:21:58

BN checkin_id = 85 -> BS199 (Huỳnh Mỹ Nga)
Bat dau: 2026-10-04 22:06:58
Thoi luong: 16 phut
Ket thuc: 2026-10-04 22:22:58

BN checkin_id = 129 -> BS216 (Trần Trọng Vinh)
Bat dau: 2026-10-04 22:06:58
Thoi luong: 30 phut
Ket thuc: 2026-10-04 22:36:58

BN checkin_id = 133 -> BS233 (Bùi Khánh Châu)
Bat dau: 2026-10-04 22:06:58
Thoi luong: 25 phut
Ket thuc: 2026-10-04 22:31:58

BN checkin_id = 70 -> BS252 (Hoàng Thanh Hiếu)
Bat dau: 2026-10-04 22:06:58
Thoi luong: 18 phut
Ket thuc: 2026-10-04 22:24:58

BN checkin_id = 3 -> BS253 (Hồ Thanh Ngân)
Bat dau: 2026-10-04 22:06:58
Thoi luong: 22 phut
Ket thuc: 2026-10-04 22:28:58

BN checkin_id = 11 -> BS262 (Bùi Hoàng Minh)
Bat dau: 2026-10-04 22:06:58
Thoi luong: 12 phut
Ket thuc: 2026-10-04 22:18:58

BN checkin_id = 39 -> BS270 (Hoàng Bảo Hương)
Bat dau: 2026-10-04 22:06:58
Thoi luong: 13 phut
Ket thuc: 2026-10-04 22:19:58

BN checkin_id = 251 -> BS327 (Lý Bảo Vy)
Bat dau: 2026-10-04 22:06:58
Thoi luong: 25 phut
Ket thuc: 2026-10-04 22:31:58

BN checkin_id = 267 -> BS333 (Lê Thị Nga)
Bat dau: 2026-10-04 22:06:58
Thoi luong: 20 phut
Ket thuc: 2026-10-04 22:26:58

BN checkin_id = 118 -> BS340 (Đỗ Thị Linh)
Bat dau: 2026-10-04 22:06:58
Thoi luong: 15 phut
Ket thuc: 2026-10-04 22:21:58

BN checkin_id = 126 -> BS349 (Lý Kim Trang)
Bat dau: 2026-10-04 22:06:58
Thoi luong: 17 phut
Ket thuc: 2026-10-04 22:23:58

BN checkin_id = 162 -> BS363 (Hoàng Mỹ Anh)
Bat dau: 2026-10-04 22:06:58
Thoi luong: 11 phut
Ket thuc: 2026-10-04 22:17:58

BN checkin_id = 285 -> BS383 (Hồ Minh Sơn)
Bat dau: 2026-10-04 22:06:58
Thoi luong: 11 phut
Ket thuc: 2026-10-04 22:17:58

BN checkin_id = 291 -> BS388 (Hồ Bảo Anh)
Bat dau: 2026-10-04 22:06:58
Thoi luong: 24 phut
Ket thuc: 2026-10-04 22:30:58

BN checkin_id = 204 -> BS392 (Phan Phương Phương)
Bat dau: 2026-10-04 22:06:58
Thoi luong: 14 phut
Ket thuc: 2026-10-04 22:20:58

BN checkin_id = 248 -> BS393 (Lê Hữu Dũng)
Bat dau: 2026-10-04 22:06:58
Thoi luong: 12 phut
Ket thuc: 2026-10-04 22:18:58

BN checkin_id = 175 -> BS432 (Phan Phương Trang)
Bat dau: 2026-10-04 22:06:58
Thoi luong: 15 phut
Ket thuc: 2026-10-04 22:21:58

BN checkin_id = 182 -> BS437 (Dương Thu Trang)
Bat dau: 2026-10-04 22:06:58
Thoi luong: 27 phut
Ket thuc: 2026-10-04 22:33:58

BN checkin_id = 264 -> BS447 (Vũ Trọng Hải)
Bat dau: 2026-10-04 22:06:58
Thoi luong: 19 phut
Ket thuc: 2026-10-04 22:25:58

Tong ket: 30 benh nhan da xep, 0 benh nhan dang cho.
Da ghi 30 ket qua vao database.

Gio thuc te hien tai: 22:06

Gio thuc te hien tai: 22:06

Gio thuc te hien tai: 22:06

Gio thuc te hien tai: 22:06

Gio thuc te hien tai: 22:06

Gio thuc te hien tai: 22:06

Gio thuc te hien tai: 22:06

Gio thuc te hien tai: 22:06

Gio thuc te hien tai: 22:06

Gio thuc te hien tai: 22:06
Da doc 500 bac si.

Gio thuc te hien tai: 22:08

Gio thuc te hien tai: 22:08

Gio thuc te hien tai: 22:08

Gio thuc te hien tai: 22:08

Gio thuc te hien tai: 22:08

Gio thuc te hien tai: 22:08

Gio thuc te hien tai: 22:08

Gio thuc te hien tai: 22:08

Gio thuc te hien tai: 22:08

Gio thuc te hien tai: 22:08
Da doc 500 bac si.

Gio thuc te hien tai: 22:08

Gio thuc te hien tai: 22:08

Gio thuc te hien tai: 22:08

Gio thuc te hien tai: 22:08

Gio thuc te hien tai: 22:08

Gio thuc te hien tai: 22:08

Gio thuc te hien tai: 22:08

Gio thuc te hien tai: 22:08

Gio thuc te hien tai: 22:08

Gio thuc te hien tai: 22:08

Gio thuc te hien tai: 22:08
Da doc 500 bac si.
Da doc 500 bac si.
Da nap 269 benh nhan vao cac hang doi RAM.

========================================
XU LY Khoa Cap cuu
Thoi gian hien tai: 2026-10-04 22:08:50
So benh nhan trong hang: 1

BN checkin_id = 301 -> BS009 (Dương Thị Vy)
Bat dau: 2026-10-04 22:08:50
Thoi luong: 23 phut
Ket thuc: 2026-10-04 22:31:50

Tong ket: 1 benh nhan da xep, 0 benh nhan dang cho.
Da ghi 1 ket qua vao database.

Gio thuc te hien tai: 22:08

Gio thuc te hien tai: 22:08

Gio thuc te hien tai: 22:08

Gio thuc te hien tai: 22:08

Gio thuc te hien tai: 22:08

Gio thuc te hien tai: 22:08

Gio thuc te hien tai: 22:08

Gio thuc te hien tai: 22:08

Gio thuc te hien tai: 22:08

Gio thuc te hien tai: 22:08
Da doc 500 bac si.
Da doc 500 bac si.
Da nap 268 benh nhan vao cac hang doi RAM.

========================================
XU LY Khoa Cap cuu
Thoi gian hien tai: 2026-10-04 22:09:04
Hang doi dang rong.

========================================
XU LY Khoa Noi
Thoi gian hien tai: 2026-10-04 22:09:04
So benh nhan trong hang: 30
Hom nay la cuoi tuan. Benh nhan duoc chuyen sang Khoa Cap cuu.
Da ghi 30 ket qua vao database.

========================================
XU LY Khoa Ngoai
Thoi gian hien tai: 2026-10-04 22:09:04
So benh nhan trong hang: 30
Hom nay la cuoi tuan. Benh nhan duoc chuyen sang Khoa Cap cuu.
Da ghi 30 ket qua vao database.

========================================
XU LY Khoa Tim mach
Thoi gian hien tai: 2026-10-04 22:09:04
So benh nhan trong hang: 30
Hom nay la cuoi tuan. Benh nhan duoc chuyen sang Khoa Cap cuu.
Da ghi 30 ket qua vao database.

========================================
XU LY Khoa Nhi
Thoi gian hien tai: 2026-10-04 22:09:04
So benh nhan trong hang: 30
Hom nay la cuoi tuan. Benh nhan duoc chuyen sang Khoa Cap cuu.
Da ghi 30 ket qua vao database.

========================================
XU LY Khoa San
Thoi gian hien tai: 2026-10-04 22:09:04
So benh nhan trong hang: 30
Hom nay la cuoi tuan. Benh nhan duoc chuyen sang Khoa Cap cuu.
Da ghi 30 ket qua vao database.

========================================
XU LY Khoa Tai Mui Hong
Thoi gian hien tai: 2026-10-04 22:09:04
So benh nhan trong hang: 29
Hom nay la cuoi tuan. Benh nhan duoc chuyen sang Khoa Cap cuu.
Da ghi 29 ket qua vao database.

========================================
XU LY Khoa Mat
Thoi gian hien tai: 2026-10-04 22:09:04
So benh nhan trong hang: 30
Hom nay la cuoi tuan. Benh nhan duoc chuyen sang Khoa Cap cuu.
Da ghi 30 ket qua vao database.

========================================
XU LY Khoa Da lieu
Thoi gian hien tai: 2026-10-04 22:09:04
So benh nhan trong hang: 30
Hom nay la cuoi tuan. Benh nhan duoc chuyen sang Khoa Cap cuu.
Da ghi 30 ket qua vao database.

========================================
XU LY Khoa Than kinh
Thoi gian hien tai: 2026-10-04 22:09:05
So benh nhan trong hang: 29
Hom nay la cuoi tuan. Benh nhan duoc chuyen sang Khoa Cap cuu.
Da ghi 29 ket qua vao database.

Gio thuc te hien tai: 22:09

Gio thuc te hien tai: 22:09

Gio thuc te hien tai: 22:09

Gio thuc te hien tai: 22:09

Gio thuc te hien tai: 22:09

Gio thuc te hien tai: 22:09

Gio thuc te hien tai: 22:09

Gio thuc te hien tai: 22:09

Gio thuc te hien tai: 22:09

Gio thuc te hien tai: 22:09
Da doc 500 bac si.

Gio thuc te hien tai: 22:09

Gio thuc te hien tai: 22:09

Gio thuc te hien tai: 22:09

Gio thuc te hien tai: 22:09

Gio thuc te hien tai: 22:09

Gio thuc te hien tai: 22:09

Gio thuc te hien tai: 22:09

Gio thuc te hien tai: 22:09

Gio thuc te hien tai: 22:09

Gio thuc te hien tai: 22:09
Da doc 500 bac si.

Gio thuc te hien tai: 22:09

Gio thuc te hien tai: 22:09

Gio thuc te hien tai: 22:09

Gio thuc te hien tai: 22:09

Gio thuc te hien tai: 22:09

Gio thuc te hien tai: 22:09

Gio thuc te hien tai: 22:09

Gio thuc te hien tai: 22:09

Gio thuc te hien tai: 22:09

Gio thuc te hien tai: 22:09
Da doc 500 bac si.

Gio thuc te hien tai: 22:10

Gio thuc te hien tai: 22:10

Gio thuc te hien tai: 22:10

Gio thuc te hien tai: 22:10

Gio thuc te hien tai: 22:10

Gio thuc te hien tai: 22:10

Gio thuc te hien tai: 22:10

Gio thuc te hien tai: 22:10

Gio thuc te hien tai: 22:10

Gio thuc te hien tai: 22:10
Da doc 500 bac si.

Gio thuc te hien tai: 22:10

Gio thuc te hien tai: 22:10

Gio thuc te hien tai: 22:10

Gio thuc te hien tai: 22:10

Gio thuc te hien tai: 22:10

Gio thuc te hien tai: 22:10

Gio thuc te hien tai: 22:10

Gio thuc te hien tai: 22:10

Gio thuc te hien tai: 22:10

Gio thuc te hien tai: 22:10
Da doc 500 bac si.

Gio thuc te hien tai: 22:11

Gio thuc te hien tai: 22:11

Gio thuc te hien tai: 22:11

Gio thuc te hien tai: 22:11

Gio thuc te hien tai: 22:11

Gio thuc te hien tai: 22:11

Gio thuc te hien tai: 22:11

Gio thuc te hien tai: 22:11

Gio thuc te hien tai: 22:11

Gio thuc te hien tai: 22:11

Gio thuc te hien tai: 22:11
Da doc 500 bac si.

Gio thuc te hien tai: 22:11

Gio thuc te hien tai: 22:11

Gio thuc te hien tai: 22:11

Gio thuc te hien tai: 22:11

Gio thuc te hien tai: 22:11

Gio thuc te hien tai: 22:11

Gio thuc te hien tai: 22:11

Gio thuc te hien tai: 22:11

Gio thuc te hien tai: 22:11

Gio thuc te hien tai: 22:11
Da doc 500 bac si.
Cap nhat thanh cong.
Check-in ID: 302
Priority cu: 4
Priority moi: 1

Gio thuc te hien tai: 22:11

Gio thuc te hien tai: 22:11

Gio thuc te hien tai: 22:11

Gio thuc te hien tai: 22:11

Gio thuc te hien tai: 22:11

Gio thuc te hien tai: 22:11

Gio thuc te hien tai: 22:11

Gio thuc te hien tai: 22:11

Gio thuc te hien tai: 22:11

Gio thuc te hien tai: 22:11
Da doc 500 bac si.
Cap nhat thanh cong.
Check-in ID: 302
Priority cu: 1
Priority moi: 2

Gio thuc te hien tai: 22:12

Gio thuc te hien tai: 22:12

Gio thuc te hien tai: 22:12

Gio thuc te hien tai: 22:12

Gio thuc te hien tai: 22:12

Gio thuc te hien tai: 22:12

Gio thuc te hien tai: 22:12

Gio thuc te hien tai: 22:12

Gio thuc te hien tai: 22:12

Gio thuc te hien tai: 22:12
Da doc 500 bac si.

Gio thuc te hien tai: 22:22

Gio thuc te hien tai: 22:22

Gio thuc te hien tai: 22:22

Gio thuc te hien tai: 22:22

Gio thuc te hien tai: 22:22

Gio thuc te hien tai: 22:22

Gio thuc te hien tai: 22:22

Gio thuc te hien tai: 22:22

Gio thuc te hien tai: 22:22

Gio thuc te hien tai: 22:22
Da doc 500 bac si.

Gio thuc te hien tai: 22:26

Gio thuc te hien tai: 22:26

Gio thuc te hien tai: 22:26

Gio thuc te hien tai: 22:26

Gio thuc te hien tai: 22:26

Gio thuc te hien tai: 22:26

Gio thuc te hien tai: 22:26

Gio thuc te hien tai: 22:26

Gio thuc te hien tai: 22:26

Gio thuc te hien tai: 22:26
Da doc 500 bac si.

Gio thuc te hien tai: 22:28

Gio thuc te hien tai: 22:28

Gio thuc te hien tai: 22:28

Gio thuc te hien tai: 22:28

Gio thuc te hien tai: 22:28

Gio thuc te hien tai: 22:28

Gio thuc te hien tai: 22:28

Gio thuc te hien tai: 22:28

Gio thuc te hien tai: 22:28

Gio thuc te hien tai: 22:28
Da doc 500 bac si.

Gio thuc te hien tai: 22:32

Gio thuc te hien tai: 22:32

Gio thuc te hien tai: 22:32

Gio thuc te hien tai: 22:32

Gio thuc te hien tai: 22:32

Gio thuc te hien tai: 22:32

Gio thuc te hien tai: 22:32

Gio thuc te hien tai: 22:32

Gio thuc te hien tai: 22:32

Gio thuc te hien tai: 22:32
Da doc 500 bac si.
